Archive member included because of file (symbol)

O:\fehqt\Proteus/EWL/lib/armv7e-m\libc.a(sprintf.o)
                              Libraries\FEHLCD.o (sprintf)
O:\fehqt\Proteus/EWL/lib/armv7e-m\libc.a(vsnprintf.o)
                              O:\fehqt\Proteus/EWL/lib/armv7e-m\libc.a(sprintf.o) (vsnprintf)
O:\fehqt\Proteus/EWL/lib/armv7e-m\libc.a(vsscanf.o)
                              Libraries\FEHSD.o (vsscanf)
O:\fehqt\Proteus/EWL/lib/armv7e-m\libc.a(exit.o)
                              Startup\__arm_start.o (exit)
O:\fehqt\Proteus/EWL/lib/armv7e-m\libc.a(memcpy.o)
                              O:\fehqt\Proteus/EWL/lib/armv7e-m\libc.a(vsnprintf.o) (memcpy)
O:\fehqt\Proteus/EWL/lib/armv7e-m\libc.a(memset.o)
                              ..\robot.o (memset)
O:\fehqt\Proteus/EWL/lib/armv7e-m\libc.a(strcmp.o)
                              Libraries\FEHLCD.o (strcmp)
O:\fehqt\Proteus/EWL/lib/armv7e-m\libc.a(strcpy.o)
                              Libraries\FEHLCD.o (strcpy)
O:\fehqt\Proteus/EWL/lib/armv7e-m\libc.a(strlen.o)
                              Libraries\FEHLCD.o (strlen)
O:\fehqt\Proteus/EWL/lib/armv7e-m\libc.a(printformat_.o)
                              (__pformatter_)
O:\fehqt\Proteus/EWL/lib/armv7e-m\libc.a(scanformat_.o)
                              (__sformatter)
O:\fehqt\Proteus/EWL/lib/armv7e-m\libc.a(ctype_aeabi.o)
                              O:\fehqt\Proteus/EWL/lib/armv7e-m\libc.a(scanformat_.o) (isspace)
O:\fehqt\Proteus/EWL/lib/armv7e-m\libc.a(__strtoul.o)
                              O:\fehqt\Proteus/EWL/lib/armv7e-m\libc.a(scanformat_.o) (__strtoul)
O:\fehqt\Proteus/EWL/lib/armv7e-m\libc.a(__filll_mem.o)
                              O:\fehqt\Proteus/EWL/lib/armv7e-m\libc.a(memset.o) (__fill_mem)
O:\fehqt\Proteus/EWL/lib/armv7e-m\libc.a(memchr.o)
                              O:\fehqt\Proteus/EWL/lib/armv7e-m\libc.a(printformat_.o) (memchr)
O:\fehqt\Proteus/EWL/lib/armv7e-m\libc.a(strchr.o)
                              O:\fehqt\Proteus/EWL/lib/armv7e-m\libc.a(printformat_.o) (strchr)
o:/fehqt/proteus/gcc/bin/../lib/gcc/arm-none-eabi/4.6.2/armv7e-m\libgcc.a(_arm_addsubdf3.o)
                              ..\robot.o (__aeabi_dsub)
o:/fehqt/proteus/gcc/bin/../lib/gcc/arm-none-eabi/4.6.2/armv7e-m\libgcc.a(_arm_muldivdf3.o)
                              ..\robot.o (__aeabi_dmul)
o:/fehqt/proteus/gcc/bin/../lib/gcc/arm-none-eabi/4.6.2/armv7e-m\libgcc.a(_arm_cmpdf2.o)
                              ..\robot.o (__aeabi_dcmplt)
o:/fehqt/proteus/gcc/bin/../lib/gcc/arm-none-eabi/4.6.2/armv7e-m\libgcc.a(_arm_fixdfsi.o)
                              ..\robot.o (__aeabi_d2iz)
o:/fehqt/proteus/gcc/bin/../lib/gcc/arm-none-eabi/4.6.2/armv7e-m\libgcc.a(_arm_fixunsdfsi.o)
                              Libraries\FEHUtility.o (__aeabi_d2uiz)
o:/fehqt/proteus/gcc/bin/../lib/gcc/arm-none-eabi/4.6.2/armv7e-m\libgcc.a(_arm_truncdfsf2.o)
                              ..\robot.o (__aeabi_d2f)
o:/fehqt/proteus/gcc/bin/../lib/gcc/arm-none-eabi/4.6.2/armv7e-m\libgcc.a(_arm_addsubsf3.o)
                              ..\drivetrain.o (__aeabi_fsub)
o:/fehqt/proteus/gcc/bin/../lib/gcc/arm-none-eabi/4.6.2/armv7e-m\libgcc.a(_arm_muldivsf3.o)
                              ..\robot.o (__aeabi_fmul)
o:/fehqt/proteus/gcc/bin/../lib/gcc/arm-none-eabi/4.6.2/armv7e-m\libgcc.a(_arm_cmpsf2.o)
                              Libraries\FEHServo.o (__aeabi_fcmpeq)
o:/fehqt/proteus/gcc/bin/../lib/gcc/arm-none-eabi/4.6.2/armv7e-m\libgcc.a(_arm_fixsfsi.o)
                              ..\robot.o (__aeabi_f2iz)
o:/fehqt/proteus/gcc/bin/../lib/gcc/arm-none-eabi/4.6.2/armv7e-m\libgcc.a(_arm_fixunssfsi.o)
                              Drivers\mcg.o (__aeabi_f2uiz)
O:\fehqt\Proteus/EWL/lib/armv7e-m\librt.a(gcc_ctor_dtor.o)
                              Startup\__arm_start.o (__init_cpp)
O:\fehqt\Proteus/EWL/lib/armv7e-m\librt.a(ROMCopy.o)
                              Startup\__arm_start.o (__copy_rom_sections_to_ram)
O:\fehqt\Proteus/EWL/lib/armv7e-m\librt.a(__arm_eabi_init.o)
                              O:\fehqt\Proteus/EWL/lib/armv7e-m\libc.a(exit.o) (__destroy_global_chain)
O:\fehqt\Proteus/EWL/lib/armv7e-m\librt.a(New.o)
                              Libraries\FEHIO.o (operator new(unsigned int))
o:/fehqt/proteus/gcc/bin/../lib/gcc/arm-none-eabi/4.6.2/../../../../arm-none-eabi/lib/armv7e-m\libsupc++.a(class_type_info.o)
                              O:\fehqt\Proteus/EWL/lib/armv7e-m\librt.a(New.o) (vtable for __cxxabiv1::__class_type_info)
o:/fehqt/proteus/gcc/bin/../lib/gcc/arm-none-eabi/4.6.2/../../../../arm-none-eabi/lib/armv7e-m\libsupc++.a(eh_alloc.o)
                              O:\fehqt\Proteus/EWL/lib/armv7e-m\librt.a(New.o) (__cxa_allocate_exception)
o:/fehqt/proteus/gcc/bin/../lib/gcc/arm-none-eabi/4.6.2/../../../../arm-none-eabi/lib/armv7e-m\libsupc++.a(eh_arm.o)
                              O:\fehqt\Proteus/EWL/lib/armv7e-m\librt.a(New.o) (__cxa_end_cleanup)
[...]
Memory Configuration

Name             Origin             Length             Attributes
m_interrupts     0x0000c000         0x00000400         xr
m_cfmprotrom     0x0000c400         0x00000010         xr
m_text           0x0000c410         0x00073bf0         xr
m_data           0x1fff0400         0x0000fc00         xrw
m_data2          0x20000000         0x00010000         xrw
*default*        0x00000000         0xffffffff

Linker script and memory map

LOAD ..\coinramp.o
LOAD ..\robot.o
LOAD ..\pid.o
LOAD ..\drivetrain.o
LOAD ..\hammer.o
LOAD ..\main.o
LOAD Startup\__arm_start.o
LOAD Startup\__arm_end.o
LOAD Startup\kinetis_sysinit.o
LOAD Libraries\FEHMotor.o
LOAD Drivers\mcg.o
LOAD Drivers\i2c.o
LOAD Drivers\spi.o
LOAD Drivers\uart.o
LOAD Drivers\ff.o
LOAD Drivers\SDHC.o
LOAD Drivers\lptmr.o
LOAD FEHProteus.o
LOAD Drivers\FEHPropeller.o
LOAD Libraries\FEHUtility.o
LOAD Libraries\FEHIO.o
LOAD Drivers\adc16.o
LOAD Libraries\FEHBuzzer.o
LOAD Libraries\FEHServo.o
LOAD Libraries\FEHLCD.o
LOAD Libraries\FEHAccel.o
LOAD Libraries\FEHBattery.o
LOAD Drivers\FEHXBee.o
LOAD Libraries\FEHRPS.o
LOAD Libraries\FEHSD.o
                0x0001a994                __pformatter = __pformatter_
                [0x0001ad8c]                __sformatter = __sformatter
LOAD O:\fehqt\Proteus/EWL/lib/armv7e-m\libstdc++.a
LOAD O:\fehqt\Proteus/EWL/lib/armv7e-m\libm.a
START GROUP
LOAD O:\fehqt\Proteus/EWL/lib/armv7e-m\libc.a
LOAD O:\fehqt\Proteus/EWL/lib/armv7e-m\libc++.a
LOAD O:\fehqt\Proteus/EWL/lib/armv7e-m\libm.a
LOAD o:/fehqt/proteus/gcc/bin/../lib/gcc/arm-none-eabi/4.6.2/armv7e-m\libgcc.a
LOAD O:\fehqt\Proteus/EWL/lib/armv7e-m\librt.a
LOAD o:/fehqt/proteus/gcc/bin/../lib/gcc/arm-none-eabi/4.6.2/../../../../arm-none-eabi/lib/armv7e-m\libsupc++.a
END GROUP
                0x20000000                _estack = 0x20000000
                0x20000000                __SP_INIT = _estack
                0x00000800                __heap_size = 0x800
                0x00000800                __stack_size = 0x800

.interrupts     0x0000c000      0x1e0
                0x0000c000                __vector_table = .
                0x0000c000                . = ALIGN (0x4)
 *(.vectortable)
 .vectortable   0x0000c000      0x1e0 Startup\kinetis_sysinit.o
                0x0000c1e0                . = ALIGN (0x4)

.cfmprotect     0x0000c400        0x0
                0x0000c400                . = ALIGN (0x4)
 *(.cfmconfig)
                0x0000c400                . = ALIGN (0x4)

.text           0x0000c410     0xfe60
                0x0000c410                . = ALIGN (0x4)
 *(.text)
 .text          0x0000c410      0x370 o:/fehqt/proteus/gcc/bin/../lib/gcc/arm-none-eabi/4.6.2/armv7e-m\libgcc.a(_arm_addsubdf3.o)
                0x0000c410                __aeabi_drsub
                0x0000c418                __aeabi_dsub
                0x0000c418                __subdf3
                0x0000c41c                __aeabi_dadd
                0x0000c41c                __adddf3
                0x0000c694                __floatunsidf
                0x0000c694                __aeabi_ui2d
                0x0000c6b4                __floatsidf
                0x0000c6b4                __aeabi_i2d
                0x0000c6d8                __aeabi_f2d
                0x0000c6d8                __extendsfdf2
                0x0000c714                __floatundidf
                0x0000c714                __aeabi_ul2d
                0x0000c724                __floatdidf
                0x0000c724                __aeabi_l2d
 .text          0x0000c780      0x424 o:/fehqt/proteus/gcc/bin/../lib/gcc/arm-none-eabi/4.6.2/armv7e-m\libgcc.a(_arm_muldivdf3.o)
                0x0000c780                __aeabi_dmul
                0x0000c780                __muldf3
                0x0000c9d4                __divdf3
                0x0000c9d4                __aeabi_ddiv
 .text          0x0000cba4      0x110 o:/fehqt/proteus/gcc/bin/../lib/gcc/arm-none-eabi/4.6.2/armv7e-m\libgcc.a(_arm_cmpdf2.o)
                0x0000cba4                __gtdf2
                0x0000cba4                __gedf2
                0x0000cbac                __ltdf2
                0x0000cbac                __ledf2
                0x0000cbb4                __nedf2
                0x0000cbb4                __eqdf2
                0x0000cbb4                __cmpdf2
                0x0000cc30                __aeabi_cdrcmple
                0x0000cc40                __aeabi_cdcmpeq
                0x0000cc40                __aeabi_cdcmple
                0x0000cc50                __aeabi_dcmpeq
                0x0000cc64                __aeabi_dcmplt
                0x0000cc78                __aeabi_dcmple
                0x0000cc8c                __aeabi_dcmpge
                0x0000cca0                __aeabi_dcmpgt
 .text          0x0000ccb4       0x50 o:/fehqt/proteus/gcc/bin/../lib/gcc/arm-none-eabi/4.6.2/armv7e-m\libgcc.a(_arm_fixdfsi.o)
                0x0000ccb4                __aeabi_d2iz
                0x0000ccb4                __fixdfsi
 .text          0x0000cd04       0x40 o:/fehqt/proteus/gcc/bin/../lib/gcc/arm-none-eabi/4.6.2/armv7e-m\libgcc.a(_arm_fixunsdfsi.o)
                0x0000cd04                __aeabi_d2uiz
                0x0000cd04                __fixunsdfsi
 .text          0x0000cd44       0xa0 o:/fehqt/proteus/gcc/bin/../lib/gcc/arm-none-eabi/4.6.2/armv7e-m\libgcc.a(_arm_truncdfsf2.o)
                0x0000cd44                __truncdfsf2
                0x0000cd44                __aeabi_d2f
 .text          0x0000cde4      0x21c o:/fehqt/proteus/gcc/bin/../lib/gcc/arm-none-eabi/4.6.2/armv7e-m\libgcc.a(_arm_addsubsf3.o)
                0x0000cde4                __aeabi_frsub
                0x0000cdec                __subsf3
                0x0000cdec                __aeabi_fsub
                0x0000cdf0                __aeabi_fadd
                0x0000cdf0                __addsf3
                0x0000cf50                __aeabi_ui2f
                0x0000cf50                __floatunsisf
                0x0000cf58                __aeabi_i2f
                0x0000cf58                __floatsisf
                0x0000cf74                __aeabi_ul2f
                0x0000cf74                __floatundisf
                0x0000cf84                __aeabi_l2f
                0x0000cf84                __floatdisf
 .text          0x0000d000      0x2a0 o:/fehqt/proteus/gcc/bin/../lib/gcc/arm-none-eabi/4.6.2/armv7e-m\libgcc.a(_arm_muldivsf3.o)
                0x0000d000                __mulsf3
                0x0000d000                __aeabi_fmul
                0x0000d168                __aeabi_fdiv
                0x0000d168                __divsf3
 .text          0x0000d2a0       0xec o:/fehqt/proteus/gcc/bin/../lib/gcc/arm-none-eabi/4.6.2/armv7e-m\libgcc.a(_arm_cmpsf2.o)
                0x0000d2a0                __gesf2
                0x0000d2a0                __gtsf2
                0x0000d2a8                __lesf2
                0x0000d2a8                __ltsf2
                0x0000d2b0                __nesf2
                0x0000d2b0                __eqsf2
                0x0000d2b0                __cmpsf2
                0x0000d310                __aeabi_cfrcmple
                0x0000d318                __aeabi_cfcmpeq
                0x0000d318                __aeabi_cfcmple
                0x0000d328                __aeabi_fcmpeq
                0x0000d33c                __aeabi_fcmplt
                0x0000d350                __aeabi_fcmple
                0x0000d364                __aeabi_fcmpge
                0x0000d378                __aeabi_fcmpgt
 .text          0x0000d38c       0x4c o:/fehqt/proteus/gcc/bin/../lib/gcc/arm-none-eabi/4.6.2/armv7e-m\libgcc.a(_arm_fixsfsi.o)
                0x0000d38c                __aeabi_f2iz
                0x0000d38c                __fixsfsi
 .text          0x0000d3d8       0x40 o:/fehqt/proteus/gcc/bin/../lib/gcc/arm-none-eabi/4.6.2/armv7e-m\libgcc.a(_arm_fixunssfsi.o)
                0x0000d3d8                __fixunssfsi
                0x0000d3d8                __aeabi_f2uiz
 *(.text*)
 .text._ZN8CoinRamp9lowerRampEv
                0x0000d418       0x20 ..\coinramp.o
                0x0000d418                CoinRamp::lowerRamp()
 .text._ZN8CoinRamp9resetRampEv
                0x0000d438       0x20 ..\coinramp.o
                0x0000d438                CoinRamp::resetRamp()
 .text._ZSt3absd
                0x0000d458       0x20 ..\robot.o
                0x0000d458                std::abs(double)
 .text._ZN5Robot10bigBoiTimeEv
                0x0000d478      0xe18 ..\robot.o
                0x0000d478                Robot::bigBoiTime()
 .text._ZN5Robot7confirmEPKc
                0x0000e290      0x290 ..\robot.o
                0x0000e290                Robot::confirm(char const*)
 .text._ZN5Robot12calibrateRPSEv
                0x0000e520       0x54 ..\robot.o
                0x0000e520                Robot::calibrateRPS()
 .text._ZN5Robot11checkRegionEv
                0x0000e574       0x38 ..\robot.o
                0x0000e574                Robot::checkRegion()
 .text._ZN5Robot15manualAlignmentEv
                0x0000e5ac      0x3f8 ..\robot.o
                0x0000e5ac                Robot::manualAlignment()
 .text._ZN5Robot12waitTilStartEv
                0x0000e9a4       0x4c ..\robot.o
                0x0000e9a4                Robot::waitTilStart()
 .text._ZN5Robot40nickAndNatalieAreBetterThanDeetzAtCodingEv
                0x0000e9f0       0x4c ..\robot.o
                0x0000e9f0                Robot::nickAndNatalieAreBetterThanDeetzAtCoding()
 .text._ZN5Robot7readCdSEv
                0x0000ea3c      0x11c ..\robot.o
                0x0000ea3c                Robot::readCdS()
 .text._ZN5Robot14testDrivetrainEv
                0x0000eb58      0x298 ..\robot.o
                0x0000eb58                Robot::testDrivetrain()
 .text._ZN5Robot13testHammerarmEv
                0x0000edf0       0xf4 ..\robot.o
                0x0000edf0                Robot::testHammerarm()
 *fill*         0x0000eee4        0x4 00
 .text._ZN5Robot18calibrateRPSOffsetEv
                0x0000eee8      0x108 ..\robot.o
                0x0000eee8                Robot::calibrateRPSOffset()
 .text._ZSt3absf
                0x0000eff0       0x1c ..\drivetrain.o
                0x0000eff0                std::abs(float)
 .text._ZN10Drivetrain5steerEdd
                0x0000f00c      0x138 ..\drivetrain.o
                0x0000f00c                Drivetrain::steer(double, double)
 .text._ZN10Drivetrain11independentEdd
                0x0000f144       0x6c ..\drivetrain.o
                0x0000f144                Drivetrain::independent(double, double)
 .text._ZN10Drivetrain7forbackEd
                0x0000f1b0       0x6c ..\drivetrain.o
                0x0000f1b0                Drivetrain::forback(double)
 .text._ZN10Drivetrain6rotateEd
                0x0000f21c       0x70 ..\drivetrain.o
                0x0000f21c                Drivetrain::rotate(double)
 .text._ZN10Drivetrain4stopEv
                0x0000f28c       0x24 ..\drivetrain.o
                0x0000f28c                Drivetrain::stop()
 .text._ZN10Drivetrain8driveForEdd
                0x0000f2b0       0xc8 ..\drivetrain.o
                0x0000f2b0                Drivetrain::driveFor(double, double)
 .text._ZN10Drivetrain9rotateForEdd
                0x0000f378      0x250 ..\drivetrain.o
                0x0000f378                Drivetrain::rotateFor(double, double)
 .text._ZN10Drivetrain8rotateToEd
                0x0000f5c8      0x1e0 ..\drivetrain.o
                0x0000f5c8                Drivetrain::rotateTo(double)
 .text._ZN10Drivetrain8squiggleEdb
                0x0000f7a8       0xe8 ..\drivetrain.o
                0x0000f7a8                Drivetrain::squiggle(double, bool)
 .text._ZN10Drivetrain7bankForEdd
                0x0000f890      0x118 ..\drivetrain.o
                0x0000f890                Drivetrain::bankFor(double, double)
 .text._ZN10Drivetrain13resetEncodersEv
                0x0000f9a8       0x28 ..\drivetrain.o
                0x0000f9a8                Drivetrain::resetEncoders()
 .text._ZN10Drivetrain12check_x_plusEf
                0x0000f9d0      0x1c8 ..\drivetrain.o
                0x0000f9d0                Drivetrain::check_x_plus(float)
 .text._ZN10Drivetrain18check_x_plus_tightEf
                0x0000fb98      0x1e0 ..\drivetrain.o
                0x0000fb98                Drivetrain::check_x_plus_tight(float)
 .text._ZN10Drivetrain13check_x_minusEf
                0x0000fd78      0x198 ..\drivetrain.o
                0x0000fd78                Drivetrain::check_x_minus(float)
 .text._ZN10Drivetrain19check_x_minus_tightEf
                0x0000ff10      0x1b8 ..\drivetrain.o
                0x0000ff10                Drivetrain::check_x_minus_tight(float)
 .text._ZN10Drivetrain13check_y_minusEf
                0x000100c8      0x198 ..\drivetrain.o
                0x000100c8                Drivetrain::check_y_minus(float)
 .text._ZN10Drivetrain12check_y_plusEf
                0x00010260      0x198 ..\drivetrain.o
                0x00010260                Drivetrain::check_y_plus(float)
 .text._ZN10Drivetrain18check_y_plus_tightEf
                0x000103f8      0x1e0 ..\drivetrain.o
                0x000103f8                Drivetrain::check_y_plus_tight(float)
 .text._ZN10Drivetrain13check_headingEf
                0x000105d8      0x200 ..\drivetrain.o
                0x000105d8                Drivetrain::check_heading(float)
 .text._ZN6Hammer5raiseEv
                0x000107d8       0x20 ..\hammer.o
                0x000107d8                Hammer::raise()
 .text._ZN6Hammer9lowerClawEv
                0x000107f8       0x20 ..\hammer.o
                0x000107f8                Hammer::lowerClaw()
 .text._ZN6Hammer9lowerFoosEv
                0x00010818       0x20 ..\hammer.o
                0x00010818                Hammer::lowerFoos()
 .text._ZN6Hammer8lowerRPSEv
                0x00010838       0x20 ..\hammer.o
                0x00010838                Hammer::lowerRPS()
 .text._ZN10DrivetrainC2EN8FEHMotor12FEHMotorPortES1_dN5FEHIO8FEHIOPinES3_S3_S3_S3_
                0x00010858       0xf0 ..\main.o
                0x00010858                Drivetrain::Drivetrain(FEHMotor::FEHMotorPort, FEHMotor::FEHMotorPort, double, FEHIO::FEHIOPin, FEHIO::FEHIOPin, FEHIO::FEHIOPin, FEHIO::FEHIOPin, FEHIO::FEHIOPin)
                0x00010858                Drivetrain::Drivetrain(FEHMotor::FEHMotorPort, FEHMotor::FEHMotorPort, double, FEHIO::FEHIOPin, FEHIO::FEHIOPin, FEHIO::FEHIOPin, FEHIO::FEHIOPin, FEHIO::FEHIOPin)
 .text._ZN6HammerC2EN8FEHServo12FEHServoPortE
                0x00010948       0x64 ..\main.o
                0x00010948                Hammer::Hammer(FEHServo::FEHServoPort)
                0x00010948                Hammer::Hammer(FEHServo::FEHServoPort)
 .text._ZN3MapC2Ev
                0x000109ac       0x70 ..\main.o
                0x000109ac                Map::Map()
                0x000109ac                Map::Map()
 .text._ZN8CoinRampC2EN8FEHServo12FEHServoPortE
                0x00010a1c       0x50 ..\main.o
                0x00010a1c                CoinRamp::CoinRamp(FEHServo::FEHServoPort)
                0x00010a1c                CoinRamp::CoinRamp(FEHServo::FEHServoPort)
 *fill*         0x00010a6c        0x4 00
 .text._ZN5RobotC2E3Map
                0x00010a70      0x108 ..\main.o
                0x00010a70                Robot::Robot(Map)
                0x00010a70                Robot::Robot(Map)
 .text._Z7currentv
                0x00010b78       0x4c ..\main.o
                0x00010b78                current()
 .text._Z7testingv
                0x00010bc4       0x14 ..\main.o
                0x00010bc4                testing()
 .text._Z5finalv
                0x00010bd8       0x7c ..\main.o
                0x00010bd8                final()
 .text._Z13launchArchivev
                0x00010c54      0x61c ..\main.o
                0x00010c54                launchArchive()
 .text._Z10transitionv
                0x00011270       0x9c ..\main.o
                0x00011270                transition()
 .text._Z13updateBatteryv
                0x0001130c      0x134 ..\main.o
                0x0001130c                updateBattery()
 .text._Z12printBatteryv
                0x00011440       0xb4 ..\main.o
                0x00011440                printBattery()
 .text._Z10launchMenuv
                0x000114f4      0x578 ..\main.o
                0x000114f4                launchMenu()
 .text.main     0x00011a6c       0x20 ..\main.o
                0x00011a6c                main
 .text._Z41__static_initialization_and_destruction_0ii
                0x00011a8c       0x48 ..\main.o
 .text._GLOBAL__sub_I_m
                0x00011ad4       0x14 ..\main.o
 .text.zero_fill_bss
                0x00011ae8       0x34 Startup\__arm_start.o
 .text.__thumb_startup
                0x00011b1c       0x34 Startup\__arm_start.o
                0x00011b1c                __thumb_startup
 .text.InitFEHProteus
                0x00011b50      0x15c Startup\__arm_start.o
                0x00011b50                InitFEHProteus
 .text.pll_init_bl
                0x00011cac      0x130 Startup\__arm_start.o
 .text.InitPowerButton
                0x00011ddc       0x90 Startup\__arm_start.o
                0x00011ddc                InitPowerButton
 .text._ExitProcess
                0x00011e6c        0xc Startup\__arm_end.o
                0x00011e6c                _ExitProcess
 .text.Default_Handler
                0x00011e78        0xc Startup\kinetis_sysinit.o
                0x00011e78                BusFault_Handler()
                0x00011e78                HardFault_Handler()
                0x00011e78                SysTick_Handler()
                0x00011e78                PendSV_Handler()
                0x00011e78                DebugMonitor_Handler()
                0x00011e78                MemManage_Handler()
                0x00011e78                NMI_Handler()
                0x00011e78                SVC_Handler()
                0x00011e78                Default_Handler
                0x00011e78                UsageFault_Handler()
 .text.__init_hardware
                0x00011e84       0x44 Startup\kinetis_sysinit.o
                0x00011e84                __init_hardware
 .text._Z8PortDISRv
                0x00011ec8       0x64 Startup\kinetis_sysinit.o
                0x00011ec8                PortDISR()
 *fill*         0x00011f2c        0x4 00
 .text._ZN8FEHMotorC2ENS_12FEHMotorPortEf
                0x00011f30       0xb0 Libraries\FEHMotor.o
                0x00011f30                FEHMotor::FEHMotor(FEHMotor::FEHMotorPort, float)
                0x00011f30                FEHMotor::FEHMotor(FEHMotor::FEHMotorPort, float)
 .text._ZN8FEHMotor4StopEv
                0x00011fe0       0x3c Libraries\FEHMotor.o
                0x00011fe0                FEHMotor::Stop()
 .text._ZN8FEHMotor8SetPowerEi
                0x0001201c       0x60 Libraries\FEHMotor.o
                0x0001201c                FEHMotor::SetPower(int)
 *fill*         0x0001207c        0x4 00
 .text._ZN8FEHMotor10SetPercentEf
                0x00012080      0x158 Libraries\FEHMotor.o
                0x00012080                FEHMotor::SetPercent(float)
 .text._Z21IIC_StartTransmissionhh
                0x000121d8       0x98 Drivers\i2c.o
                0x000121d8                IIC_StartTransmission(unsigned char, unsigned char)
 .text._Z5Pausev
                0x00012270       0x34 Drivers\i2c.o
                0x00012270                Pause()
 .text._Z21MMA8451QWriteRegisterhh
                0x000122a4      0x12c Drivers\i2c.o
                0x000122a4                MMA8451QWriteRegister(unsigned char, unsigned char)
 .text._Z12SPI_SendCharh
                0x000123d0       0x1c Drivers\spi.o
                0x000123d0                SPI_SendChar(unsigned char)
 .text._Z16SPI_WriteCommandhh
                0x000123ec       0x34 Drivers\spi.o
                0x000123ec                SPI_WriteCommand(unsigned char, unsigned char)
 .text._Z11SPI_GetCharv
                0x00012420       0x14 Drivers\spi.o
                0x00012420                SPI_GetChar()
 .text._Z15SPI_ReadCommandh
                0x00012434       0x3c Drivers\spi.o
                0x00012434                SPI_ReadCommand(unsigned char)
 .text._Z13SPI_CS_Assertv
                0x00012470       0x24 Drivers\spi.o
                0x00012470                SPI_CS_Assert()
 .text._Z15SPI_CS_Deassertv
                0x00012494       0x24 Drivers\spi.o
                0x00012494                SPI_CS_Deassert()
 .text._Z12SPI_Transferh
                0x000124b8       0x88 Drivers\spi.o
                0x000124b8                SPI_Transfer(unsigned char)
 .text._Z8SPI_Initv
                0x00012540       0xe8 Drivers\spi.o
                0x00012540                SPI_Init()
 .text._Z9uart_initPV11UART_MemMapii
                0x00012628      0x20c Drivers\uart.o
                0x00012628                uart_init(UART_MemMap volatile*, int, int)
 .text._Z12uart_getcharPV11UART_MemMap
                0x00012834       0x34 Drivers\uart.o
                0x00012834                uart_getchar(UART_MemMap volatile*)
 .text._Z12uart_putcharPV11UART_MemMapc
                0x00012868       0x38 Drivers\uart.o
                0x00012868                uart_putchar(UART_MemMap volatile*, char)
 .text._ZL7mem_setPvij
                0x000128a0       0x44 Drivers\ff.o
 .text._ZL11move_windowP5FATFSm
                0x000128e4       0xf0 Drivers\ff.o
 .text._ZL4syncP5FATFS
                0x000129d4      0x188 Drivers\ff.o
 .text._ZL8validateP5FATFSt
                0x00012b5c       0x54 Drivers\ff.o
 .text._Z6f_syncP3FIL
                0x00012bb0      0x1c0 Drivers\ff.o
                0x00012bb0                f_sync(FIL*)
 .text._Z7f_closeP3FIL
                0x00012d70       0x2c Drivers\ff.o
                0x00012d70                f_close(FIL*)
 .text._ZL17SDHC_set_baudratemm
                0x00012d9c      0x14c Drivers\SDHC.o
 .text._Z9SDHC_initP17esdhc_info_structPK17esdhc_init_struct
                0x00012ee8      0x1c4 Drivers\SDHC.o
                0x00012ee8                SDHC_init(esdhc_info_struct*, esdhc_init_struct const*)
 .text._ZL15SDHC_is_runningv
                0x000130ac       0x28 Drivers\SDHC.o
 .text._ZL16SDHC_status_waitm
                0x000130d4       0x38 Drivers\SDHC.o
 .text._ZL17SDHC_send_commandP20esdhc_command_struct
                0x0001310c      0x2a0 Drivers\SDHC.o
 .text._Z10SDHC_ioctlmPv
                0x000133ac      0x978 Drivers\SDHC.o
                0x000133ac                SDHC_ioctl(unsigned long, void*)
 .text._ZL14rcvr_datablockPhm
                0x00013d24      0x134 Drivers\SDHC.o
 .text._Z9disk_readhPhmh
                0x00013e58      0x13c Drivers\SDHC.o
                0x00013e58                disk_read(unsigned char, unsigned char*, unsigned long, unsigned char)
 .text._ZL14xmit_datablockPKhm
                0x00013f94       0xe0 Drivers\SDHC.o
 .text._Z10disk_writehPKhmh
                0x00014074      0x1cc Drivers\SDHC.o
                0x00014074                disk_write(unsigned char, unsigned char const*, unsigned long, unsigned char)
 .text._Z10disk_ioctlhhPv
                0x00014240      0x128 Drivers\SDHC.o
                0x00014240                disk_ioctl(unsigned char, unsigned char, void*)
 .text._Z11disk_statush
                0x00014368       0x30 Drivers\SDHC.o
                0x00014368                disk_status(unsigned char)
 .text._Z13time_delay_msm
                0x00014398       0xa4 Drivers\lptmr.o
                0x00014398                time_delay_ms(unsigned long)
 .text._Z41__static_initialization_and_destruction_0ii
                0x0001443c       0x30 FEHProteus.o
 .text._GLOBAL__sub_I_Propeller
                0x0001446c       0x14 FEHProteus.o
 .text._ZN12FEHPropellerC2Ev
                0x00014480       0x20 Drivers\FEHPropeller.o
                0x00014480                FEHPropeller::FEHPropeller()
                0x00014480                FEHPropeller::FEHPropeller()
 .text._ZN12FEHPropeller10InitializeEv
                0x000144a0       0x94 Drivers\FEHPropeller.o
                0x000144a0                FEHPropeller::Initialize()
 .text._ZN12FEHPropeller12SetMotorRateEhhh
                0x00014534       0x78 Drivers\FEHPropeller.o
                0x00014534                FEHPropeller::SetMotorRate(unsigned char, unsigned char, unsigned char)
 .text._ZL5Delaymjj
                0x000145ac       0xc4 Libraries\FEHUtility.o
 .text._Z5Sleepi
                0x00014670       0x34 Libraries\FEHUtility.o
                0x00014670                Sleep(int)
 .text._Z5Sleepf
                0x000146a4       0x48 Libraries\FEHUtility.o
                0x000146a4                Sleep(float)
 *fill*         0x000146ec        0x4 00
 .text._Z5Sleepd
                0x000146f0       0x58 Libraries\FEHUtility.o
                0x000146f0                Sleep(double)
 .text._Z7TimeNowv
                0x00014748       0x70 Libraries\FEHUtility.o
                0x00014748                TimeNow()
 .text._Z11TimeNowMSecv
                0x000147b8       0x44 Libraries\FEHUtility.o
                0x000147b8                TimeNowMSec()
 .text._ZN15DigitalInputPinC2EN5FEHIO8FEHIOPinE
                0x000147fc       0x24 Libraries\FEHIO.o
                0x000147fc                DigitalInputPin::DigitalInputPin(FEHIO::FEHIOPin)
                0x000147fc                DigitalInputPin::DigitalInputPin(FEHIO::FEHIOPin)
 .text._ZN15DigitalInputPin10InitializeEN5FEHIO8FEHIOPinE
                0x00014820      0x224 Libraries\FEHIO.o
                0x00014820                DigitalInputPin::Initialize(FEHIO::FEHIOPin)
 .text._ZN14DigitalEncoderC2EN5FEHIO8FEHIOPinE
                0x00014a44       0x2c Libraries\FEHIO.o
                0x00014a44                DigitalEncoder::DigitalEncoder(FEHIO::FEHIOPin)
                0x00014a44                DigitalEncoder::DigitalEncoder(FEHIO::FEHIOPin)
 .text._Z10enable_irqi
                0x00014a70      0x1cc Libraries\FEHIO.o
                0x00014a70                enable_irq(int)
 .text._ZN14DigitalEncoder10InitializeEN5FEHIO8FEHIOPinENS0_21FEHIOInterruptTriggerE
                0x00014c3c      0x224 Libraries\FEHIO.o
                0x00014c3c                DigitalEncoder::Initialize(FEHIO::FEHIOPin, FEHIO::FEHIOInterruptTrigger)
 .text._Z9portB_isrv
                0x00014e60       0xd4 Libraries\FEHIO.o
                0x00014e60                portB_isr()
 .text._Z9portC_isrv
                0x00014f34       0xd8 Libraries\FEHIO.o
                0x00014f34                portC_isr()
 .text._Z9portA_isrv
                0x0001500c       0xd8 Libraries\FEHIO.o
                0x0001500c                portA_isr()
 .text._Z9portE_isrv
                0x000150e4       0xd0 Libraries\FEHIO.o
                0x000150e4                portE_isr()
 .text._ZN14DigitalEncoder6CountsEv
                0x000151b4       0x28 Libraries\FEHIO.o
                0x000151b4                DigitalEncoder::Counts()
 .text._ZN14DigitalEncoder11ResetCountsEv
                0x000151dc       0x28 Libraries\FEHIO.o
                0x000151dc                DigitalEncoder::ResetCounts()
 .text._ZN14AnalogInputPinC2EN5FEHIO8FEHIOPinE
                0x00015204       0x20 Libraries\FEHIO.o
                0x00015204                AnalogInputPin::AnalogInputPin(FEHIO::FEHIOPin)
                0x00015204                AnalogInputPin::AnalogInputPin(FEHIO::FEHIOPin)
 *fill*         0x00015224        0x4 00
 .text._ZN14AnalogInputPin5ValueEv
                0x00015228      0x180 Libraries\FEHIO.o
                0x00015228                AnalogInputPin::Value()
 .text._ZN13AnalogEncoder12EncoderValueEv
                0x000153a8       0xe4 Libraries\FEHIO.o
                0x000153a8                AnalogEncoder::EncoderValue()
 .text._ZN14AnalogInputPin8InitADCsEv
                0x0001548c      0x120 Libraries\FEHIO.o
                0x0001548c                AnalogInputPin::InitADCs()
 .text._Z8pit0_isrv
                0x000155ac       0x34 Libraries\FEHIO.o
                0x000155ac                pit0_isr()
 .text._ZN13AnalogEncoder4InitEv
                0x000155e0       0x64 Libraries\FEHIO.o
                0x000155e0                AnalogEncoder::Init()
 .text._ZN13AnalogEncoder14SetCounterInitEj
                0x00015644       0x20 Libraries\FEHIO.o
                0x00015644                AnalogEncoder::SetCounterInit(unsigned int)
 .text._ZN13AnalogEncoder10ProcessIntEv
                0x00015664       0x80 Libraries\FEHIO.o
                0x00015664                AnalogEncoder::ProcessInt()
 .text._ZN13AnalogEncoder14ProcessIntSelfEv
                0x000156e4       0x80 Libraries\FEHIO.o
                0x000156e4                AnalogEncoder::ProcessIntSelf()
 .text._Z7ADC_CalPV10ADC_MemMap
                0x00015764      0x14c Drivers\adc16.o
                0x00015764                ADC_Cal(ADC_MemMap volatile*)
 .text._Z14ADC_Config_AltPV10ADC_MemMapP7adc_cfg
                0x000158b0       0x6c Drivers\adc16.o
                0x000158b0                ADC_Config_Alt(ADC_MemMap volatile*, adc_cfg*)
 .text._ZN9FEHBuzzerC2Ev
                0x0001591c       0x18 Libraries\FEHBuzzer.o
                0x0001591c                FEHBuzzer::FEHBuzzer()
                0x0001591c                FEHBuzzer::FEHBuzzer()
 .text._Z41__static_initialization_and_destruction_0ii
                0x00015934       0x30 Libraries\FEHBuzzer.o
 .text._GLOBAL__sub_I_Buzzer
                0x00015964       0x14 Libraries\FEHBuzzer.o
 .text._ZN8FEHServoC2ENS_12FEHServoPortE
                0x00015978       0x3c Libraries\FEHServo.o
                0x00015978                FEHServo::FEHServo(FEHServo::FEHServoPort)
                0x00015978                FEHServo::FEHServo(FEHServo::FEHServoPort)
 .text._ZN8FEHServo6SetMinEi
                0x000159b4       0x3c Libraries\FEHServo.o
                0x000159b4                FEHServo::SetMin(int)
 .text._ZN8FEHServo6SetMaxEi
                0x000159f0       0x3c Libraries\FEHServo.o
                0x000159f0                FEHServo::SetMax(int)
 *fill*         0x00015a2c        0x4 00
 .text._ZN8FEHServo9SetDegreeEf
                0x00015a30      0x148 Libraries\FEHServo.o
                0x00015a30                FEHServo::SetDegree(float)
 .text._ZN6FEHLCD11_InitializeEv
                0x00015b78      0x5dc Libraries\FEHLCD.o
                0x00015b78                FEHLCD::_Initialize()
 .text._ZN6FEHLCDC2Ev
                0x00016154       0x64 Libraries\FEHLCD.o
                0x00016154                FEHLCD::FEHLCD()
                0x00016154                FEHLCD::FEHLCD()
 .text._ZN6FEHLCD10InitializeEv
                0x000161b8       0x38 Libraries\FEHLCD.o
                0x000161b8                FEHLCD::Initialize()
 .text._ZN6FEHLCD10PrintImageEii
                0x000161f0      0x100 Libraries\FEHLCD.o
                0x000161f0                FEHLCD::PrintImage(int, int)
 .text._ZN6FEHLCD9PrintLogoEii
                0x000162f0      0x100 Libraries\FEHLCD.o
                0x000162f0                FEHLCD::PrintLogo(int, int)
 .text._ZN6FEHLCD22ConvertFEHColorTo24BitENS_11FEHLCDColorE
                0x000163f0       0x80 Libraries\FEHLCD.o
                0x000163f0                FEHLCD::ConvertFEHColorTo24Bit(FEHLCD::FEHLCDColor)
 .text._ZN6FEHLCD24Convert24BitColorTo16BitEj
                0x00016470       0x40 Libraries\FEHLCD.o
                0x00016470                FEHLCD::Convert24BitColorTo16Bit(unsigned int)
 .text._ZN6FEHLCD22ConvertRGBColorTo16BitEhhh
                0x000164b0       0x44 Libraries\FEHLCD.o
                0x000164b0                FEHLCD::ConvertRGBColorTo16Bit(unsigned char, unsigned char, unsigned char)
 .text._ZN6FEHLCD5ClearENS_11FEHLCDColorE
                0x000164f4       0x28 Libraries\FEHLCD.o
                0x000164f4                FEHLCD::Clear(FEHLCD::FEHLCDColor)
 .text._ZN6FEHLCD5ClearEj
                0x0001651c       0x2c Libraries\FEHLCD.o
                0x0001651c                FEHLCD::Clear(unsigned int)
 .text._ZN6FEHLCD5ClearEv
                0x00016548       0x18 Libraries\FEHLCD.o
                0x00016548                FEHLCD::Clear()
 .text._ZN6FEHLCD18SetBackgroundColorENS_11FEHLCDColorE
                0x00016560       0x28 Libraries\FEHLCD.o
                0x00016560                FEHLCD::SetBackgroundColor(FEHLCD::FEHLCDColor)
 .text._ZN6FEHLCD18SetBackgroundColorEj
                0x00016588       0x28 Libraries\FEHLCD.o
                0x00016588                FEHLCD::SetBackgroundColor(unsigned int)
 .text._ZN6FEHLCD12SetFontColorENS_11FEHLCDColorE
                0x000165b0       0x28 Libraries\FEHLCD.o
                0x000165b0                FEHLCD::SetFontColor(FEHLCD::FEHLCDColor)
 .text._ZN6FEHLCD12SetFontColorEj
                0x000165d8       0x28 Libraries\FEHLCD.o
                0x000165d8                FEHLCD::SetFontColor(unsigned int)
 .text._ZN6FEHLCD7WriteAtEPKcii
                0x00016600       0x58 Libraries\FEHLCD.o
                0x00016600                FEHLCD::WriteAt(char const*, int, int)
 .text._ZN6FEHLCD7WriteAtEfii
                0x00016658       0xf8 Libraries\FEHLCD.o
                0x00016658                FEHLCD::WriteAt(float, int, int)
 .text._ZN6FEHLCD11TS_SPI_InitEv
                0x00016750       0xa8 Libraries\FEHLCD.o
                0x00016750                FEHLCD::TS_SPI_Init()
 .text._ZN6FEHLCD5TouchEPfS0_
                0x000167f8      0x240 Libraries\FEHLCD.o
                0x000167f8                FEHLCD::Touch(float*, float*)
 .text._ZN6FEHLCD3absEi
                0x00016a38       0x28 Libraries\FEHLCD.o
                0x00016a38                FEHLCD::abs(int)
 .text._ZN6FEHLCD5WriteEPKc
                0x00016a60       0x5c Libraries\FEHLCD.o
                0x00016a60                FEHLCD::Write(char const*)
 .text._ZN6FEHLCD5WriteEf
                0x00016abc       0xdc Libraries\FEHLCD.o
                0x00016abc                FEHLCD::Write(float)
 .text._ZN6FEHLCD5WriteEd
                0x00016b98       0x28 Libraries\FEHLCD.o
                0x00016b98                FEHLCD::Write(double)
 .text._ZN6FEHLCD5WriteEc
                0x00016bc0       0x30 Libraries\FEHLCD.o
                0x00016bc0                FEHLCD::Write(char)
 .text._ZN6FEHLCD9WriteLineEPKc
                0x00016bf0       0x28 Libraries\FEHLCD.o
                0x00016bf0                FEHLCD::WriteLine(char const*)
 .text._ZN6FEHLCD9WriteLineEf
                0x00016c18       0x28 Libraries\FEHLCD.o
                0x00016c18                FEHLCD::WriteLine(float)
 .text._ZN6FEHLCD9WriteLineEd
                0x00016c40       0x2c Libraries\FEHLCD.o
                0x00016c40                FEHLCD::WriteLine(double)
 .text._ZN6FEHLCD9WriteLineEc
                0x00016c6c       0x2c Libraries\FEHLCD.o
                0x00016c6c                FEHLCD::WriteLine(char)
 .text._ZN6FEHLCD10WriteIndexEh
                0x00016c98      0x288 Libraries\FEHLCD.o
                0x00016c98                FEHLCD::WriteIndex(unsigned char)
 .text._ZN6FEHLCD14WriteParameterEh
                0x00016f20      0x254 Libraries\FEHLCD.o
                0x00016f20                FEHLCD::WriteParameter(unsigned char)
 .text._ZN6FEHLCD6_ClearEv
                0x00017174      0x228 Libraries\FEHLCD.o
                0x00017174                FEHLCD::_Clear()
 .text._ZN6FEHLCD8NextLineEv
                0x0001739c       0x30 Libraries\FEHLCD.o
                0x0001739c                FEHLCD::NextLine()
 .text._ZN6FEHLCD9CheckLineEv
                0x000173cc       0x2c Libraries\FEHLCD.o
                0x000173cc                FEHLCD::CheckLine()
 .text._ZN6FEHLCD8NextCharEv
                0x000173f8       0x34 Libraries\FEHLCD.o
                0x000173f8                FEHLCD::NextChar()
 .text._ZN6FEHLCD9DrawPixelEii
                0x0001742c       0x30 Libraries\FEHLCD.o
                0x0001742c                FEHLCD::DrawPixel(int, int)
 .text._Z4SwapRiS_
                0x0001745c       0x28 Libraries\FEHLCD.o
                0x0001745c                Swap(int&, int&)
 .text._ZN6FEHLCD13DrawRectangleEiiii
                0x00017484       0x80 Libraries\FEHLCD.o
                0x00017484                FEHLCD::DrawRectangle(int, int, int, int)
 .text._ZN6FEHLCD13SetDrawRegionEiiii
                0x00017504      0x10c Libraries\FEHLCD.o
                0x00017504                FEHLCD::SetDrawRegion(int, int, int, int)
 .text._ZN6FEHLCD13FillRectangleEiiii
                0x00017610       0x5c Libraries\FEHLCD.o
                0x00017610                FEHLCD::FillRectangle(int, int, int, int)
 .text._ZN6FEHLCD8DrawLineEiiii
                0x0001766c      0x17c Libraries\FEHLCD.o
                0x0001766c                FEHLCD::DrawLine(int, int, int, int)
 .text._ZN6FEHLCD9WriteCharEiic
                0x000177e8       0x40 Libraries\FEHLCD.o
                0x000177e8                FEHLCD::WriteChar(int, int, char)
 .text._ZN6FEHLCD11WriteCharAtEiic
                0x00017828      0x278 Libraries\FEHLCD.o
                0x00017828                FEHLCD::WriteCharAt(int, int, char)
 .text._ZN6FEHLCD11RepeatColorEv
                0x00017aa0       0xbc Libraries\FEHLCD.o
                0x00017aa0                FEHLCD::RepeatColor()
 .text._ZN6FEHLCD10_ForePixelEv
                0x00017b5c      0x160 Libraries\FEHLCD.o
                0x00017b5c                FEHLCD::_ForePixel()
 .text._ZN6FEHLCD10_BackPixelEv
                0x00017cbc      0x160 Libraries\FEHLCD.o
                0x00017cbc                FEHLCD::_BackPixel()
 .text._ZN6FEHLCD22SetRegisterColorValuesEv
                0x00017e1c      0x4c0 Libraries\FEHLCD.o
                0x00017e1c                FEHLCD::SetRegisterColorValues()
 .text._ZN7FEHIcon4IconC2Ev
                0x000182dc       0x18 Libraries\FEHLCD.o
                0x000182dc                FEHIcon::Icon::Icon()
                0x000182dc                FEHIcon::Icon::Icon()
 .text._ZN7FEHIcon4Icon13SetPropertiesEPciiiijj
                0x000182f4       0x70 Libraries\FEHLCD.o
                0x000182f4                FEHIcon::Icon::SetProperties(char*, int, int, int, int, unsigned int, unsigned int)
 .text._ZN7FEHIcon4Icon4DrawEv
                0x00018364       0xb0 Libraries\FEHLCD.o
                0x00018364                FEHIcon::Icon::Draw()
 .text._ZN7FEHIcon4Icon6SelectEv
                0x00018414       0xb8 Libraries\FEHLCD.o
                0x00018414                FEHIcon::Icon::Select()
 .text._ZN7FEHIcon4Icon8DeselectEv
                0x000184cc       0xb4 Libraries\FEHLCD.o
                0x000184cc                FEHIcon::Icon::Deselect()
 .text._ZN7FEHIcon4Icon7PressedEffi
                0x00018580      0x1dc Libraries\FEHLCD.o
                0x00018580                FEHIcon::Icon::Pressed(float, float, int)
 .text._ZN7FEHIcon4Icon12WhilePressedEff
                0x0001875c       0x5c Libraries\FEHLCD.o
                0x0001875c                FEHIcon::Icon::WhilePressed(float, float)
 .text._ZN7FEHIcon4Icon16ChangeLabelFloatEf
                0x000187b8      0x13c Libraries\FEHLCD.o
                0x000187b8                FEHIcon::Icon::ChangeLabelFloat(float)
 .text._ZN7FEHIcon13DrawIconArrayEPNS_4IconEiiiiiiPA20_cjj
                0x000188f4      0x194 Libraries\FEHLCD.o
                0x000188f4                FEHIcon::DrawIconArray(FEHIcon::Icon*, int, int, int, int, int, int, char (*) [20], unsigned int, unsigned int)
 .text._Z41__static_initialization_and_destruction_0ii
                0x00018a88       0x30 Libraries\FEHLCD.o
 .text._GLOBAL__sub_I_image
                0x00018ab8       0x14 Libraries\FEHLCD.o
 .text._ZN8FEHAccelC2Ev
                0x00018acc       0x8c Libraries\FEHAccel.o
                0x00018acc                FEHAccel::FEHAccel()
                0x00018acc                FEHAccel::FEHAccel()
 .text._Z41__static_initialization_and_destruction_0ii
                0x00018b58       0x30 Libraries\FEHAccel.o
 .text._GLOBAL__sub_I_Accel
                0x00018b88       0x14 Libraries\FEHAccel.o
 .text._ZN10FEHBattery7VoltageEv
                0x00018b9c       0x38 Libraries\FEHBattery.o
                0x00018b9c                FEHBattery::Voltage()
 .text._ZN10FEHBatteryC2EN5FEHIO8FEHIOPinE
                0x00018bd4       0x24 Libraries\FEHBattery.o
                0x00018bd4                FEHBattery::FEHBattery(FEHIO::FEHIOPin)
                0x00018bd4                FEHBattery::FEHBattery(FEHIO::FEHIOPin)
 .text._Z41__static_initialization_and_destruction_0ii
                0x00018bf8       0x34 Libraries\FEHBattery.o
 .text._GLOBAL__sub_I_Battery
                0x00018c2c       0x14 Libraries\FEHBattery.o
 .text._ZN7FEHXBeeC2Ev
                0x00018c40       0x20 Drivers\FEHXBee.o
                0x00018c40                FEHXBee::FEHXBee()
                0x00018c40                FEHXBee::FEHXBee()
 .text._ZN7FEHXBee10InitializeEv
                0x00018c60      0x148 Drivers\FEHXBee.o
                0x00018c60                FEHXBee::Initialize()
 .text._ZN7FEHXBee13IsInitializedEv
                0x00018da8       0x18 Drivers\FEHXBee.o
                0x00018da8                FEHXBee::IsInitialized()
 .text._ZN7FEHXBee17ReceiveDataSearchEPcjh
                0x00018dc0       0xb4 Drivers\FEHXBee.o
                0x00018dc0                FEHXBee::ReceiveDataSearch(char*, unsigned int, unsigned char)
 .text._ZN7FEHXBee8SendDataEPcj
                0x00018e74       0x50 Drivers\FEHXBee.o
                0x00018e74                FEHXBee::SendData(char*, unsigned int)
 .text._ZN7FEHXBee17SetPacketCallBackEPFvPhhE
                0x00018ec4       0x20 Drivers\FEHXBee.o
                0x00018ec4                FEHXBee::SetPacketCallBack(void (*)(unsigned char*, unsigned char))
 .text._Z9UART0_ISRv
                0x00018ee4      0x174 Drivers\FEHXBee.o
                0x00018ee4                UART0_ISR()
 .text._ZN6FEHRPSC2Ev
                0x00019058       0x88 Libraries\FEHRPS.o
                0x00019058                FEHRPS::FEHRPS()
                0x00019058                FEHRPS::FEHRPS()
 .text._ZN6FEHRPS10InitializeEi
                0x000190e0      0x994 Libraries\FEHRPS.o
                0x000190e0                FEHRPS::Initialize(int)
 .text._ZN6FEHRPS10InitializeEc
                0x00019a74       0x4c Libraries\FEHRPS.o
                0x00019a74                FEHRPS::Initialize(char)
 .text._ZN6FEHRPS19InitializeTouchMenuEv
                0x00019ac0      0x908 Libraries\FEHRPS.o
                0x00019ac0                FEHRPS::InitializeTouchMenu()
 .text._ZN6FEHRPS19CurrentRegionLetterEv
                0x0001a3c8       0x20 Libraries\FEHRPS.o
                0x0001a3c8                FEHRPS::CurrentRegionLetter()
 .text._ZN6FEHRPS13WaitForPacketEv
                0x0001a3e8       0x78 Libraries\FEHRPS.o
                0x0001a3e8                FEHRPS::WaitForPacket()
 .text._ZN6FEHRPS1XEv
                0x0001a460       0x20 Libraries\FEHRPS.o
                0x0001a460                FEHRPS::X()
 .text._ZN6FEHRPS1YEv
                0x0001a480       0x20 Libraries\FEHRPS.o
                0x0001a480                FEHRPS::Y()
 .text._ZN6FEHRPS7HeadingEv
                0x0001a4a0       0x20 Libraries\FEHRPS.o
                0x0001a4a0                FEHRPS::Heading()
 .text._Z14RPSDataProcessPhh
                0x0001a4c0      0x164 Libraries\FEHRPS.o
                0x0001a4c0                RPSDataProcess(unsigned char*, unsigned char)
 .text._Z41__static_initialization_and_destruction_0ii
                0x0001a624       0x30 Libraries\FEHRPS.o
 .text._GLOBAL__sub_I_RPS
                0x0001a654       0x14 Libraries\FEHRPS.o
 .text._ZN5FEHSDC2Ev
                0x0001a668       0x24 Libraries\FEHSD.o
                0x0001a668                FEHSD::FEHSD()
                0x0001a668                FEHSD::FEHSD()
 .text._ZN5FEHSD8CloseLogEv
                0x0001a68c       0x38 Libraries\FEHSD.o
                0x0001a68c                FEHSD::CloseLog()
 .text._Z41__static_initialization_and_destruction_0ii
                0x0001a6c4       0x30 Libraries\FEHSD.o
 .text._GLOBAL__sub_I_SD
                0x0001a6f4       0x14 Libraries\FEHSD.o
 .text.sprintf  0x0001a708       0x1c O:\fehqt\Proteus/EWL/lib/armv7e-m\libc.a(sprintf.o)
                0x0001a708                sprintf
 .text.__StringWrite
                0x0001a724       0x28 O:\fehqt\Proteus/EWL/lib/armv7e-m\libc.a(vsnprintf.o)
                0x0001a724                __StringWrite
 .text.vsnprintf
                0x0001a74c       0x34 O:\fehqt\Proteus/EWL/lib/armv7e-m\libc.a(vsnprintf.o)
                0x0001a74c                vsnprintf
 .text.exit     0x0001a780       0x38 O:\fehqt\Proteus/EWL/lib/armv7e-m\libc.a(exit.o)
                0x0001a780                exit
 .text.memcpy   0x0001a7b8       0x12 O:\fehqt\Proteus/EWL/lib/armv7e-m\libc.a(memcpy.o)
                0x0001a7b8                memcpy
 .text.memset   0x0001a7ca        0xc O:\fehqt\Proteus/EWL/lib/armv7e-m\libc.a(memset.o)
                0x0001a7ca                memset
 .text.strcpy   0x0001a7d6       0x18 O:\fehqt\Proteus/EWL/lib/armv7e-m\libc.a(strcpy.o)
                0x0001a7d6                strcpy
 .text.strlen   0x0001a7ee       0x10 O:\fehqt\Proteus/EWL/lib/armv7e-m\libc.a(strlen.o)
                0x0001a7ee                strlen
 .text.long2str.isra.0
                0x0001a7fe      0x196 O:\fehqt\Proteus/EWL/lib/armv7e-m\libc.a(printformat_.o)
 .text.__pformatter_
                0x0001a994      0x3f8 O:\fehqt\Proteus/EWL/lib/armv7e-m\libc.a(printformat_.o)
                0x0001a994                __pformatter_
 .text.__sformatter
                0x0001ad8c      0x74e O:\fehqt\Proteus/EWL/lib/armv7e-m\libc.a(scanformat_.o)
                0x0001ad8c                __sformatter
 *fill*         0x0001b4da        0x2 00
 .text.isalpha  0x0001b4dc       0x1c O:\fehqt\Proteus/EWL/lib/armv7e-m\libc.a(ctype_aeabi.o)
                0x0001b4dc                isalpha
 .text.isspace  0x0001b4f8       0x1c O:\fehqt\Proteus/EWL/lib/armv7e-m\libc.a(ctype_aeabi.o)
                0x0001b4f8                isspace
 .text.toupper  0x0001b514        0xc O:\fehqt\Proteus/EWL/lib/armv7e-m\libc.a(ctype_aeabi.o)
                0x0001b514                toupper
 .text.__strtoul
                0x0001b520      0x1dc O:\fehqt\Proteus/EWL/lib/armv7e-m\libc.a(__strtoul.o)
                0x0001b520                __strtoul
 .text.__fill_mem
                0x0001b6fc       0x76 O:\fehqt\Proteus/EWL/lib/armv7e-m\libc.a(__filll_mem.o)
                0x0001b6fc                __fill_mem
 .text.memchr   0x0001b772       0x1a O:\fehqt\Proteus/EWL/lib/armv7e-m\libc.a(memchr.o)
                0x0001b772                memchr
 .text.strchr   0x0001b78c       0x1c O:\fehqt\Proteus/EWL/lib/armv7e-m\libc.a(strchr.o)
                0x0001b78c                strchr
 .text.__init_cpp
                0x0001b7a8       0x4c O:\fehqt\Proteus/EWL/lib/armv7e-m\librt.a(gcc_ctor_dtor.o)
                0x0001b7a8                __init_cpp
 .text.__fini_cpp
                0x0001b7f4       0x34 O:\fehqt\Proteus/EWL/lib/armv7e-m\librt.a(gcc_ctor_dtor.o)
                0x0001b7f4                __fini_cpp
 .text.__copy_rom_section
                0x0001b828       0x44 O:\fehqt\Proteus/EWL/lib/armv7e-m\librt.a(ROMCopy.o)
                0x0001b828                __copy_rom_section
 .text.__copy_rom_sections_to_ram
                0x0001b86c       0x34 O:\fehqt\Proteus/EWL/lib/armv7e-m\librt.a(ROMCopy.o)
                0x0001b86c                __copy_rom_sections_to_ram
 .text.__destroy_global_chain
                0x0001b8a0       0x1c O:\fehqt\Proteus/EWL/lib/armv7e-m\librt.a(__arm_eabi_init.o)
                0x0001b8a0                __destroy_global_chain
 .text.__init_registers
                0x0001b8bc       0x20 O:\fehqt\Proteus/EWL/lib/armv7e-m\librt.a(__arm_eabi_init.o)
                0x0001b8bc                __init_registers
 .text.__init_user
                0x0001b8dc        0x4 O:\fehqt\Proteus/EWL/lib/armv7e-m\librt.a(__arm_eabi_init.o)
                0x0001b8dc                __init_user
 *(.rodata)
 .rodata        0x0001b8e0      0x210 ..\robot.o
 .rodata        0x0001baf0       0x34 ..\drivetrain.o
 .rodata        0x0001bb24      0x110 ..\main.o
 .rodata        0x0001bc34       0x78 Libraries\FEHIO.o
 .rodata        0x0001bcac       0x34 Libraries\FEHLCD.o
 .rodata        0x0001bce0      0x238 Libraries\FEHRPS.o
 *(.rodata*)
 .rodata.K60_SDHC0_init
                0x0001bf18        0xc Drivers\SDHC.o
                0x0001bf18                K60_SDHC0_init
 .rodata._ZL21ESDHC_COMMAND_XFERTYP
                0x0001bf24      0x100 Drivers\SDHC.o
 .rodata._ZL9GPIOPorts
                0x0001c024       0x20 Libraries\FEHIO.o
 .rodata._ZL10ADCNumbers
                0x0001c044       0x24 Libraries\FEHIO.o
 .rodata._ZL14GPIOPinNumbers
                0x0001c068       0x80 Libraries\FEHIO.o
 .rodata._ZL16AnalogPinNumbers
                0x0001c0e8       0x84 Libraries\FEHIO.o
 .rodata.str1.1
                0x0001c16c        0x1 O:\fehqt\Proteus/EWL/lib/armv7e-m\libc.a(printformat_.o)
 .rodata.__aeabi_ctype_table_C
                0x0001c16d      0x101 O:\fehqt\Proteus/EWL/lib/armv7e-m\libc.a(ctype_aeabi.o)
                0x0001c16d                __aeabi_ctype_table_C
 *(.glue_7)
 .glue_7        0x00000000        0x0 linker stubs
 *(.glue_7t)
 .glue_7t       0x00000000        0x0 linker stubs
 *(.eh_frame)
 *(.init)
 *(.fini)
                0x0001c270                . = ALIGN (0x4)
 *fill*         0x0001c26e        0x2 00
                0x0001c270                _etext = .

.vfp11_veneer   0x0001c270        0x0
 .vfp11_veneer  0x00000000        0x0 linker stubs

.v4_bx          0x0001c270        0x0
 .v4_bx         0x00000000        0x0 linker stubs

.ARM.extab
 *(.ARM.extab* .gnu.linkonce.armextab.*)

.ARM            0x0001c270        0x0
                0x0001c270                __exidx_start = .
 *(.ARM.exidx*)
                0x0001c270                __exidx_end = .

.ctors          0x0001c270        0x0
                0x0001c270                __CTOR_LIST__ = .
 *crtbegin.o(.ctors)
 *(EXCLUDE_FILE(*crtend.o) .ctors)
 *(SORT(.ctors.*))
 *(.ctors)
                0x0001c270                __CTOR_END__ = .

.dtors          0x0001c270        0x0
                0x0001c270                __DTOR_LIST__ = .
 *crtbegin.o(.dtors)
 *(EXCLUDE_FILE(*crtend.o) .dtors)
 *(SORT(.dtors.*))
 *(.dtors)
                0x0001c270                __DTOR_END__ = .

.preinit_array  0x0001c270        0x0
                0x0001c270                PROVIDE (__preinit_array_start, .)
 *(.preinit_array*)
                0x0001c270                PROVIDE (__preinit_array_end, .)

.init_array     0x0001c270       0x20
                0x0001c270                PROVIDE (__init_array_start, .)
 *(SORT(.init_array.*))
 *(.init_array*)
 .init_array    0x0001c270        0x4 ..\main.o
 .init_array    0x0001c274        0x4 FEHProteus.o
 .init_array    0x0001c278        0x4 Libraries\FEHBuzzer.o
 .init_array    0x0001c27c        0x4 Libraries\FEHLCD.o
 .init_array    0x0001c280        0x4 Libraries\FEHAccel.o
 .init_array    0x0001c284        0x4 Libraries\FEHBattery.o
 .init_array    0x0001c288        0x4 Libraries\FEHRPS.o
 .init_array    0x0001c28c        0x4 Libraries\FEHSD.o
                0x0001c290                PROVIDE (__init_array_end, .)

.fini_array     0x0001c290        0x0
                0x0001c290                PROVIDE (__fini_array_start, .)
 *(SORT(.fini_array.*))
 *(.fini_array*)
                0x0001c290                PROVIDE (__fini_array_end, .)
                0x0001c290                ___ROM_AT = .

.data           0x1fff0400      0xd1c load address 0x0001c290
                0x1fff0400                . = ALIGN (0x4)
                0x1fff0400                _sdata = .
 *(.data)
 *(.data*)
 .data._ZL4Stat
                0x1fff0400        0x1 Drivers\SDHC.o
 *fill*         0x1fff0401        0x3 00
 .data.image    0x1fff0404      0x750 Libraries\FEHLCD.o
                0x1fff0404                image
 .data.logo     0x1fff0b54      0x3e8 Libraries\FEHLCD.o
                0x1fff0b54                logo
 .data._ZN6FEHLCD8fontDataE
                0x1fff0f3c      0x1e0 Libraries\FEHLCD.o
                0x1fff0f3c                FEHLCD::fontData
                0x1fff111c                . = ALIGN (0x4)
                0x1fff111c                _edata = .
                0x00000d1c                ___data_size = (_edata - _sdata)
                0x0001cfac                ___m_data2_ROMStart = (___ROM_AT + SIZEOF (.data))

.user_data2     0x20000000        0x0 load address 0x0001cfac
                0x20000000                . = ALIGN (0x4)
                0x20000000                ___m_data2_RAMStart = .
 *(.data2)
                0x20000000                ___m_data2_RAMEnd = .
                0x20000000                . = ALIGN (0x4)
                0x00000000                ___m_data2_ROMSize = (___m_data2_RAMEnd - ___m_data2_RAMStart)
                0x20000000                . = ALIGN (0x4)

.bss            0x1fff1120      0x658 load address 0x0001cfb0
                0x1fff1120                __START_BSS = .
                0x1fff1120                PROVIDE (__bss_start__, __START_BSS)
 *(.bss)
 *(.bss*)
 .bss.m         0x1fff1120       0x10 ..\main.o
                0x1fff1120                m
 .bss.botiana   0x1fff1130       0x98 ..\main.o
                0x1fff1130                botiana
 .bss._ZL4argv  0x1fff11c8        0x4 Startup\__arm_start.o
 .bss.MasterTransmission
                0x1fff11cc        0x1 Drivers\i2c.o
                0x1fff11cc                MasterTransmission
 .bss.SlaveID   0x1fff11cd        0x1 Drivers\i2c.o
                0x1fff11cd                SlaveID
 *fill*         0x1fff11ce        0x2 00
 .bss.SDHC_Card
                0x1fff11d0       0x14 Drivers\SDHC.o
                0x1fff11d0                SDHC_Card
 .bss.SDHC_Info
                0x1fff11e4      0x204 Drivers\SDHC.o
                0x1fff11e4                SDHC_Info
 .bss.SDHC_Device
                0x1fff13e8        0x8 Drivers\SDHC.o
                0x1fff13e8                SDHC_Device
 .bss.Propeller
                0x1fff13f0        0x4 FEHProteus.o
                0x1fff13f0                Propeller
 .bss.CoreClockKHz
                0x1fff13f4        0x4 FEHProteus.o
                0x1fff13f4                CoreClockKHz
 .bss.CoreClockMHz
                0x1fff13f8        0x4 FEHProteus.o
                0x1fff13f8                CoreClockMHz
 .bss.PeripheralClockKHz
                0x1fff13fc        0x4 FEHProteus.o
                0x1fff13fc                PeripheralClockKHz
 .bss._ZN14AnalogInputPin17Master_Adc_ConfigE
                0x1fff1400       0x10 Libraries\FEHIO.o
                0x1fff1400                AnalogInputPin::Master_Adc_Config
 .bss._ZN14AnalogInputPin18Encoder_Adc_ConfigE
                0x1fff1410       0x10 Libraries\FEHIO.o
                0x1fff1410                AnalogInputPin::Encoder_Adc_Config
 .bss.interrupt_counts
                0x1fff1420       0x80 Libraries\FEHIO.o
                0x1fff1420                interrupt_counts
 .bss._ZN13AnalogEncoder7pinListE
                0x1fff14a0        0x4 Libraries\FEHIO.o
                0x1fff14a0                AnalogEncoder::pinList
 .bss.__interrupt_counter
                0x1fff14a4        0x4 Libraries\FEHIO.o
                0x1fff14a4                __interrupt_counter
 .bss.Buzzer    0x1fff14a8        0x4 Libraries\FEHBuzzer.o
                0x1fff14a8                Buzzer
 .bss.LCD       0x1fff14ac       0x44 Libraries\FEHLCD.o
                0x1fff14ac                LCD
 .bss.initialized
                0x1fff14f0        0x1 Libraries\FEHLCD.o
                0x1fff14f0                initialized
 *fill*         0x1fff14f1        0x3 00
 .bss.Accel     0x1fff14f4        0x4 Libraries\FEHAccel.o
                0x1fff14f4                Accel
 .bss.Battery   0x1fff14f8        0x4 Libraries\FEHBattery.o
                0x1fff14f8                Battery
 .bss.XBeeDataProcess
                0x1fff14fc        0x4 Drivers\FEHXBee.o
                0x1fff14fc                XBeeDataProcess
 .bss._xbeebuffer
                0x1fff1500       0x10 Drivers\FEHXBee.o
                0x1fff1500                _xbeebuffer
 .bss._xbeebufferindex
                0x1fff1510        0x1 Drivers\FEHXBee.o
                0x1fff1510                _xbeebufferindex
 .bss._xbeestate
                0x1fff1511        0x1 Drivers\FEHXBee.o
                0x1fff1511                _xbeestate
 .bss._xbeebytereceived
                0x1fff1512        0x1 Drivers\FEHXBee.o
                0x1fff1512                _xbeebytereceived
 .bss._xbeebyte
                0x1fff1513        0x1 Drivers\FEHXBee.o
                0x1fff1513                _xbeebyte
 .bss.RPS       0x1fff1514        0x8 Libraries\FEHRPS.o
                0x1fff1514                RPS
 .bss._enabled  0x1fff151c        0x1 Libraries\FEHRPS.o
                0x1fff151c                _enabled
 *fill*         0x1fff151d        0x3 00
 .bss._RPS_x    0x1fff1520        0x4 Libraries\FEHRPS.o
                0x1fff1520                _RPS_x
 .bss._RPS_y    0x1fff1524        0x4 Libraries\FEHRPS.o
                0x1fff1524                _RPS_y
 .bss._RPS_heading
                0x1fff1528        0x4 Libraries\FEHRPS.o
                0x1fff1528                _RPS_heading
 .bss._RPS_objective
                0x1fff152c        0x4 Libraries\FEHRPS.o
                0x1fff152c                _RPS_objective
 .bss._RPS_time
                0x1fff1530        0x1 Libraries\FEHRPS.o
                0x1fff1530                _RPS_time
 .bss._RPS_stop
                0x1fff1531        0x1 Libraries\FEHRPS.o
                0x1fff1531                _RPS_stop
 .bss._RPS_foundpacket
                0x1fff1532        0x1 Libraries\FEHRPS.o
                0x1fff1532                _RPS_foundpacket
 *fill*         0x1fff1533        0x1 00
 .bss.SD        0x1fff1534        0x4 Libraries\FEHSD.o
                0x1fff1534                SD
 .bss.logfil    0x1fff1538      0x228 Libraries\FEHSD.o
                0x1fff1538                logfil
 .bss.__stdio_exit
                0x1fff1760        0x4 O:\fehqt\Proteus/EWL/lib/armv7e-m\libc.a(exit.o)
                0x1fff1760                __stdio_exit
 .bss.__console_exit
                0x1fff1764        0x4 O:\fehqt\Proteus/EWL/lib/armv7e-m\libc.a(exit.o)
                0x1fff1764                __console_exit
 .bss.__S_romp  0x1fff1768        0xc O:\fehqt\Proteus/EWL/lib/armv7e-m\librt.a(ROMCopy.o)
 .bss.__global_destructor_chain
                0x1fff1774        0x4 O:\fehqt\Proteus/EWL/lib/armv7e-m\librt.a(__arm_eabi_init.o)
                0x1fff1774                __global_destructor_chain
 *(COMMON)
                0x1fff1778                . = ALIGN (0x4)
                0x1fff1778                __END_BSS = .
                0x1fff1778                PROVIDE (__bss_end__, __END_BSS)

._user_heap_stack
                0x1fff1778     0x1000 load address 0x0001d608
                0x1fff1778                . = ALIGN (0x4)
                0x1fff1778                PROVIDE (end, .)
                0x1fff1778                PROVIDE (_end, .)
                0x1fff1778                __heap_addr = .
                0x1fff1f78                . = (. + __heap_size)
 *fill*         0x1fff1778      0x800 00
                0x1fff2778                . = (. + __stack_size)
 *fill*         0x1fff1f78      0x800 00
                0x1fff2778                . = ALIGN (0x4)
                0x0001cfac                _romp_at = ((___ROM_AT + SIZEOF (.data)) + SIZEOF (.user_data2))

.romp           0x20000000       0x24 load address 0x0001cfac
                0x0001cfac                __S_romp = _romp_at
                0x20000000        0x4 LONG 0x1c290 ___ROM_AT
                0x20000004        0x4 LONG 0x1fff0400 _sdata
                0x20000008        0x4 LONG 0xd1c ___data_size
                0x2000000c        0x4 LONG 0x1cfac ___m_data2_ROMStart
                0x20000010        0x4 LONG 0x20000000 ___m_data2_RAMStart
                0x20000014        0x4 LONG 0x0 ___m_data2_ROMSize
                0x20000018        0x4 LONG 0x0
                0x2000001c        0x4 LONG 0x0
                0x20000020        0x4 LONG 0x0

.ARM.attributes
                0x00000000       0x33
 *(.ARM.attributes)
 .ARM.attributes
                0x00000000       0x33 ..\coinramp.o
 .ARM.attributes
                0x00000033       0x33 ..\robot.o
 .ARM.attributes
                0x00000066       0x33 ..\drivetrain.o
 .ARM.attributes
                0x00000099       0x33 ..\hammer.o
 .ARM.attributes
                0x000000cc       0x33 ..\main.o
 .ARM.attributes
                0x000000ff       0x33 Startup\__arm_start.o
 .ARM.attributes
                0x00000132       0x33 Startup\__arm_end.o
 .ARM.attributes
                0x00000165       0x33 Startup\kinetis_sysinit.o
 .ARM.attributes
                0x00000198       0x33 Libraries\FEHMotor.o
 .ARM.attributes
                0x000001cb       0x33 Drivers\i2c.o
 .ARM.attributes
                0x000001fe       0x33 Drivers\spi.o
 .ARM.attributes
                0x00000231       0x33 Drivers\uart.o
 .ARM.attributes
                0x00000264       0x33 Drivers\ff.o
 .ARM.attributes
                0x00000297       0x33 Drivers\SDHC.o
 .ARM.attributes
                0x000002ca       0x33 Drivers\lptmr.o
 .ARM.attributes
                0x000002fd       0x33 FEHProteus.o
 .ARM.attributes
                0x00000330       0x33 Drivers\FEHPropeller.o
 .ARM.attributes
                0x00000363       0x33 Libraries\FEHUtility.o
 .ARM.attributes
                0x00000396       0x33 Libraries\FEHIO.o
 .ARM.attributes
                0x000003c9       0x33 Drivers\adc16.o
 .ARM.attributes
                0x000003fc       0x33 Libraries\FEHBuzzer.o
 .ARM.attributes
                0x0000042f       0x33 Libraries\FEHServo.o
 .ARM.attributes
                0x00000462       0x33 Libraries\FEHLCD.o
 .ARM.attributes
                0x00000495       0x33 Libraries\FEHAccel.o
 .ARM.attributes
                0x000004c8       0x33 Libraries\FEHBattery.o
 .ARM.attributes
                0x000004fb       0x33 Drivers\FEHXBee.o
 .ARM.attributes
                0x0000052e       0x33 Libraries\FEHRPS.o
 .ARM.attributes
                0x00000561       0x33 Libraries\FEHSD.o
 .ARM.attributes
                0x00000594       0x33 O:\fehqt\Proteus/EWL/lib/armv7e-m\libc.a(sprintf.o)
 .ARM.attributes
                0x000005c7       0x33 O:\fehqt\Proteus/EWL/lib/armv7e-m\libc.a(vsnprintf.o)
 .ARM.attributes
                0x000005fa       0x33 O:\fehqt\Proteus/EWL/lib/armv7e-m\libc.a(exit.o)
 .ARM.attributes
                0x0000062d       0x33 O:\fehqt\Proteus/EWL/lib/armv7e-m\libc.a(memcpy.o)
 .ARM.attributes
                0x00000660       0x33 O:\fehqt\Proteus/EWL/lib/armv7e-m\libc.a(memset.o)
 .ARM.attributes
                0x00000693       0x33 O:\fehqt\Proteus/EWL/lib/armv7e-m\libc.a(strcpy.o)
 .ARM.attributes
                0x000006c6       0x33 O:\fehqt\Proteus/EWL/lib/armv7e-m\libc.a(strlen.o)
 .ARM.attributes
                0x000006f9       0x33 O:\fehqt\Proteus/EWL/lib/armv7e-m\libc.a(printformat_.o)
 .ARM.attributes
                0x0000072c       0x33 O:\fehqt\Proteus/EWL/lib/armv7e-m\libc.a(scanformat_.o)
 .ARM.attributes
                0x0000075f       0x33 O:\fehqt\Proteus/EWL/lib/armv7e-m\libc.a(ctype_aeabi.o)
 .ARM.attributes
                0x00000792       0x33 O:\fehqt\Proteus/EWL/lib/armv7e-m\libc.a(__strtoul.o)
 .ARM.attributes
                0x000007c5       0x33 O:\fehqt\Proteus/EWL/lib/armv7e-m\libc.a(__filll_mem.o)
 .ARM.attributes
                0x000007f8       0x33 O:\fehqt\Proteus/EWL/lib/armv7e-m\libc.a(memchr.o)
 .ARM.attributes
                0x0000082b       0x33 O:\fehqt\Proteus/EWL/lib/armv7e-m\libc.a(strchr.o)
 .ARM.attributes
                0x0000085e       0x1e o:/fehqt/proteus/gcc/bin/../lib/gcc/arm-none-eabi/4.6.2/armv7e-m\libgcc.a(_arm_addsubdf3.o)
 .ARM.attributes
                0x0000087c       0x1e o:/fehqt/proteus/gcc/bin/../lib/gcc/arm-none-eabi/4.6.2/armv7e-m\libgcc.a(_arm_muldivdf3.o)
 .ARM.attributes
                0x0000089a       0x1e o:/fehqt/proteus/gcc/bin/../lib/gcc/arm-none-eabi/4.6.2/armv7e-m\libgcc.a(_arm_cmpdf2.o)
 .ARM.attributes
                0x000008b8       0x1e o:/fehqt/proteus/gcc/bin/../lib/gcc/arm-none-eabi/4.6.2/armv7e-m\libgcc.a(_arm_fixdfsi.o)
 .ARM.attributes
                0x000008d6       0x1e o:/fehqt/proteus/gcc/bin/../lib/gcc/arm-none-eabi/4.6.2/armv7e-m\libgcc.a(_arm_fixunsdfsi.o)
 .ARM.attributes
                0x000008f4       0x1e o:/fehqt/proteus/gcc/bin/../lib/gcc/arm-none-eabi/4.6.2/armv7e-m\libgcc.a(_arm_truncdfsf2.o)
 .ARM.attributes
                0x00000912       0x1e o:/fehqt/proteus/gcc/bin/../lib/gcc/arm-none-eabi/4.6.2/armv7e-m\libgcc.a(_arm_addsubsf3.o)
 .ARM.attributes
                0x00000930       0x1e o:/fehqt/proteus/gcc/bin/../lib/gcc/arm-none-eabi/4.6.2/armv7e-m\libgcc.a(_arm_muldivsf3.o)
 .ARM.attributes
                0x0000094e       0x1e o:/fehqt/proteus/gcc/bin/../lib/gcc/arm-none-eabi/4.6.2/armv7e-m\libgcc.a(_arm_cmpsf2.o)
 .ARM.attributes
                0x0000096c       0x1e o:/fehqt/proteus/gcc/bin/../lib/gcc/arm-none-eabi/4.6.2/armv7e-m\libgcc.a(_arm_fixsfsi.o)
 .ARM.attributes
                0x0000098a       0x1e o:/fehqt/proteus/gcc/bin/../lib/gcc/arm-none-eabi/4.6.2/armv7e-m\libgcc.a(_arm_fixunssfsi.o)
 .ARM.attributes
                0x000009a8       0x33 O:\fehqt\Proteus/EWL/lib/armv7e-m\librt.a(gcc_ctor_dtor.o)
 .ARM.attributes
                0x000009db       0x33 O:\fehqt\Proteus/EWL/lib/armv7e-m\librt.a(ROMCopy.o)
 .ARM.attributes
                0x00000a0e       0x33 O:\fehqt\Proteus/EWL/lib/armv7e-m\librt.a(__arm_eabi_init.o)
OUTPUT(../G2Basic.elf elf32-littlearm)

.debug_info     0x00000000    0x1b3c1
 .debug_info    0x00000000      0x31f ..\coinramp.o
 .debug_info    0x0000031f     0x2c5b ..\robot.o
 .debug_info    0x00002f7a     0x21d5 ..\drivetrain.o
 .debug_info    0x0000514f      0x3f4 ..\hammer.o
 .debug_info    0x00005543     0x26e5 ..\main.o
 .debug_info    0x00007c28     0x12c5 Startup\__arm_start.o
 .debug_info    0x00008eed       0x58 Startup\__arm_end.o
 .debug_info    0x00008f45      0x61c Startup\kinetis_sysinit.o
 .debug_info    0x00009561      0x335 Libraries\FEHMotor.o
 .debug_info    0x00009896      0x250 Drivers\i2c.o
 .debug_info    0x00009ae6      0x6cf Drivers\spi.o
 .debug_info    0x0000a1b5      0x59c Drivers\uart.o
 .debug_info    0x0000a751     0x1da0 Drivers\ff.o
 .debug_info    0x0000c4f1      0xf1d Drivers\SDHC.o
 .debug_info    0x0000d40e      0x2de Drivers\lptmr.o
 .debug_info    0x0000d6ec      0x1a7 FEHProteus.o
 .debug_info    0x0000d893      0x722 Drivers\FEHPropeller.o
 .debug_info    0x0000dfb5      0x36c Libraries\FEHUtility.o
 .debug_info    0x0000e321     0x1c6a Libraries\FEHIO.o
 .debug_info    0x0000ff8b      0x4ab Drivers\adc16.o
 .debug_info    0x00010436      0xa42 Libraries\FEHBuzzer.o
 .debug_info    0x00010e78     0x1500 Libraries\FEHServo.o
 .debug_info    0x00012378     0x2c25 Libraries\FEHLCD.o
 .debug_info    0x00014f9d      0x26a Libraries\FEHAccel.o
 .debug_info    0x00015207      0x3a9 Libraries\FEHBattery.o
 .debug_info    0x000155b0      0xac3 Drivers\FEHXBee.o
 .debug_info    0x00016073     0x1b23 Libraries\FEHRPS.o
 .debug_info    0x00017b96     0x16c8 Libraries\FEHSD.o
 .debug_info    0x0001925e      0x11f O:\fehqt\Proteus/EWL/lib/armv7e-m\libc.a(sprintf.o)
 .debug_info    0x0001937d      0x206 O:\fehqt\Proteus/EWL/lib/armv7e-m\libc.a(vsnprintf.o)
 .debug_info    0x00019583      0x103 O:\fehqt\Proteus/EWL/lib/armv7e-m\libc.a(exit.o)
 .debug_info    0x00019686      0x113 O:\fehqt\Proteus/EWL/lib/armv7e-m\libc.a(memcpy.o)
 .debug_info    0x00019799       0xf4 O:\fehqt\Proteus/EWL/lib/armv7e-m\libc.a(memset.o)
 .debug_info    0x0001988d      0x10a O:\fehqt\Proteus/EWL/lib/armv7e-m\libc.a(strcpy.o)
 .debug_info    0x00019997       0xf3 O:\fehqt\Proteus/EWL/lib/armv7e-m\libc.a(strlen.o)
 .debug_info    0x00019a8a      0x512 O:\fehqt\Proteus/EWL/lib/armv7e-m\libc.a(printformat_.o)
 .debug_info    0x00019f9c      0x564 O:\fehqt\Proteus/EWL/lib/armv7e-m\libc.a(scanformat_.o)
 .debug_info    0x0001a500      0x32a O:\fehqt\Proteus/EWL/lib/armv7e-m\libc.a(ctype_aeabi.o)
 .debug_info    0x0001a82a      0x1d7 O:\fehqt\Proteus/EWL/lib/armv7e-m\libc.a(__strtoul.o)
 .debug_info    0x0001aa01      0x13d O:\fehqt\Proteus/EWL/lib/armv7e-m\libc.a(__filll_mem.o)
 .debug_info    0x0001ab3e      0x129 O:\fehqt\Proteus/EWL/lib/armv7e-m\libc.a(memchr.o)
 .debug_info    0x0001ac67      0x110 O:\fehqt\Proteus/EWL/lib/armv7e-m\libc.a(strchr.o)
 .debug_info    0x0001ad77      0x1c0 O:\fehqt\Proteus/EWL/lib/armv7e-m\librt.a(gcc_ctor_dtor.o)
 .debug_info    0x0001af37      0x1b8 O:\fehqt\Proteus/EWL/lib/armv7e-m\librt.a(ROMCopy.o)
 .debug_info    0x0001b0ef      0x2d2 O:\fehqt\Proteus/EWL/lib/armv7e-m\librt.a(__arm_eabi_init.o)

.debug_abbrev   0x00000000     0x482e
 .debug_abbrev  0x00000000      0x11f ..\coinramp.o
 .debug_abbrev  0x0000011f      0x390 ..\robot.o
 .debug_abbrev  0x000004af      0x2f5 ..\drivetrain.o
 .debug_abbrev  0x000007a4      0x11f ..\hammer.o
 .debug_abbrev  0x000008c3      0x3b3 ..\main.o
 .debug_abbrev  0x00000c76      0x28f Startup\__arm_start.o
 .debug_abbrev  0x00000f05       0x45 Startup\__arm_end.o
 .debug_abbrev  0x00000f4a      0x1c3 Startup\kinetis_sysinit.o
 .debug_abbrev  0x0000110d      0x18c Libraries\FEHMotor.o
 .debug_abbrev  0x00001299       0xfc Drivers\i2c.o
 .debug_abbrev  0x00001395      0x18b Drivers\spi.o
 .debug_abbrev  0x00001520      0x15f Drivers\uart.o
 .debug_abbrev  0x0000167f      0x18f Drivers\ff.o
 .debug_abbrev  0x0000180e      0x223 Drivers\SDHC.o
 .debug_abbrev  0x00001a31       0xd2 Drivers\lptmr.o
 .debug_abbrev  0x00001b03      0x101 FEHProteus.o
 .debug_abbrev  0x00001c04      0x1c6 Drivers\FEHPropeller.o
 .debug_abbrev  0x00001dca      0x154 Libraries\FEHUtility.o
 .debug_abbrev  0x00001f1e      0x448 Libraries\FEHIO.o
 .debug_abbrev  0x00002366      0x12a Drivers\adc16.o
 .debug_abbrev  0x00002490      0x1da Libraries\FEHBuzzer.o
 .debug_abbrev  0x0000266a      0x312 Libraries\FEHServo.o
 .debug_abbrev  0x0000297c      0x38c Libraries\FEHLCD.o
 .debug_abbrev  0x00002d08      0x13b Libraries\FEHAccel.o
 .debug_abbrev  0x00002e43      0x1cb Libraries\FEHBattery.o
 .debug_abbrev  0x0000300e      0x231 Drivers\FEHXBee.o
 .debug_abbrev  0x0000323f      0x38c Libraries\FEHRPS.o
 .debug_abbrev  0x000035cb      0x357 Libraries\FEHSD.o
 .debug_abbrev  0x00003922       0xb5 O:\fehqt\Proteus/EWL/lib/armv7e-m\libc.a(sprintf.o)
 .debug_abbrev  0x000039d7       0xf4 O:\fehqt\Proteus/EWL/lib/armv7e-m\libc.a(vsnprintf.o)
 .debug_abbrev  0x00003acb       0x8f O:\fehqt\Proteus/EWL/lib/armv7e-m\libc.a(exit.o)
 .debug_abbrev  0x00003b5a       0x97 O:\fehqt\Proteus/EWL/lib/armv7e-m\libc.a(memcpy.o)
 .debug_abbrev  0x00003bf1       0x66 O:\fehqt\Proteus/EWL/lib/armv7e-m\libc.a(memset.o)
 .debug_abbrev  0x00003c57       0x7c O:\fehqt\Proteus/EWL/lib/armv7e-m\libc.a(strcpy.o)
 .debug_abbrev  0x00003cd3       0x7e O:\fehqt\Proteus/EWL/lib/armv7e-m\libc.a(strlen.o)
 .debug_abbrev  0x00003d51      0x204 O:\fehqt\Proteus/EWL/lib/armv7e-m\libc.a(printformat_.o)
 .debug_abbrev  0x00003f55      0x1fb O:\fehqt\Proteus/EWL/lib/armv7e-m\libc.a(scanformat_.o)
 .debug_abbrev  0x00004150       0x9a O:\fehqt\Proteus/EWL/lib/armv7e-m\libc.a(ctype_aeabi.o)
 .debug_abbrev  0x000041ea       0xc6 O:\fehqt\Proteus/EWL/lib/armv7e-m\libc.a(__strtoul.o)
 .debug_abbrev  0x000042b0       0x8b O:\fehqt\Proteus/EWL/lib/armv7e-m\libc.a(__filll_mem.o)
 .debug_abbrev  0x0000433b       0x99 O:\fehqt\Proteus/EWL/lib/armv7e-m\libc.a(memchr.o)
 .debug_abbrev  0x000043d4       0x8d O:\fehqt\Proteus/EWL/lib/armv7e-m\libc.a(strchr.o)
 .debug_abbrev  0x00004461       0x9d O:\fehqt\Proteus/EWL/lib/armv7e-m\librt.a(gcc_ctor_dtor.o)
 .debug_abbrev  0x000044fe      0x160 O:\fehqt\Proteus/EWL/lib/armv7e-m\librt.a(ROMCopy.o)
 .debug_abbrev  0x0000465e      0x1d0 O:\fehqt\Proteus/EWL/lib/armv7e-m\librt.a(__arm_eabi_init.o)

.debug_loc      0x00000000     0x7977
 .debug_loc     0x00000000       0xe0 ..\coinramp.o
 .debug_loc     0x000000e0      0x713 ..\robot.o
 .debug_loc     0x000007f3      0x705 ..\drivetrain.o
 .debug_loc     0x00000ef8      0x188 ..\hammer.o
 .debug_loc     0x00001080      0x355 ..\main.o
 .debug_loc     0x000013d5       0xb0 Startup\__arm_start.o
 .debug_loc     0x00001485       0x38 Startup\__arm_end.o
 .debug_loc     0x000014bd       0x84 Startup\kinetis_sysinit.o
 .debug_loc     0x00001541       0xe0 Libraries\FEHMotor.o
 .debug_loc     0x00001621       0xe0 Drivers\i2c.o
 .debug_loc     0x00001701      0x19c Drivers\spi.o
 .debug_loc     0x0000189d       0xe0 Drivers\uart.o
 .debug_loc     0x0000197d      0xa96 Drivers\ff.o
 .debug_loc     0x00002413      0x370 Drivers\SDHC.o
 .debug_loc     0x00002783       0x38 Drivers\lptmr.o
 .debug_loc     0x000027bb       0x64 FEHProteus.o
 .debug_loc     0x0000281f      0x118 Drivers\FEHPropeller.o
 .debug_loc     0x00002937      0x1a8 Libraries\FEHUtility.o
 .debug_loc     0x00002adf      0x8d6 Libraries\FEHIO.o
 .debug_loc     0x000033b5       0xa8 Drivers\adc16.o
 .debug_loc     0x0000345d      0x304 Libraries\FEHBuzzer.o
 .debug_loc     0x00003761      0x1fa Libraries\FEHServo.o
 .debug_loc     0x0000395b     0x1147 Libraries\FEHLCD.o
 .debug_loc     0x00004aa2      0x144 Libraries\FEHAccel.o
 .debug_loc     0x00004be6       0xd4 Libraries\FEHBattery.o
 .debug_loc     0x00004cba      0x1c0 Drivers\FEHXBee.o
 .debug_loc     0x00004e7a      0x3e8 Libraries\FEHRPS.o
 .debug_loc     0x00005262      0x24a Libraries\FEHSD.o
 .debug_loc     0x000054ac       0x3f O:\fehqt\Proteus/EWL/lib/armv7e-m\libc.a(sprintf.o)
 .debug_loc     0x000054eb      0x105 O:\fehqt\Proteus/EWL/lib/armv7e-m\libc.a(vsnprintf.o)
 .debug_loc     0x000055f0       0x3e O:\fehqt\Proteus/EWL/lib/armv7e-m\libc.a(exit.o)
 .debug_loc     0x0000562e       0x46 O:\fehqt\Proteus/EWL/lib/armv7e-m\libc.a(memcpy.o)
 .debug_loc     0x00005674       0x64 O:\fehqt\Proteus/EWL/lib/armv7e-m\libc.a(memset.o)
 .debug_loc     0x000056d8       0x20 O:\fehqt\Proteus/EWL/lib/armv7e-m\libc.a(strcpy.o)
 .debug_loc     0x000056f8       0x31 O:\fehqt\Proteus/EWL/lib/armv7e-m\libc.a(strlen.o)
 .debug_loc     0x00005729     0x106f O:\fehqt\Proteus/EWL/lib/armv7e-m\libc.a(printformat_.o)
 .debug_loc     0x00006798      0x8cb O:\fehqt\Proteus/EWL/lib/armv7e-m\libc.a(scanformat_.o)
 .debug_loc     0x00007063      0x18e O:\fehqt\Proteus/EWL/lib/armv7e-m\libc.a(ctype_aeabi.o)
 .debug_loc     0x000071f1      0x2ad O:\fehqt\Proteus/EWL/lib/armv7e-m\libc.a(__strtoul.o)
 .debug_loc     0x0000749e      0x12c O:\fehqt\Proteus/EWL/lib/armv7e-m\libc.a(__filll_mem.o)
 .debug_loc     0x000075ca       0x82 O:\fehqt\Proteus/EWL/lib/armv7e-m\libc.a(memchr.o)
 .debug_loc     0x0000764c       0x78 O:\fehqt\Proteus/EWL/lib/armv7e-m\libc.a(strchr.o)
 .debug_loc     0x000076c4       0xbe O:\fehqt\Proteus/EWL/lib/armv7e-m\librt.a(gcc_ctor_dtor.o)
 .debug_loc     0x00007782       0x9b O:\fehqt\Proteus/EWL/lib/armv7e-m\librt.a(ROMCopy.o)
 .debug_loc     0x0000781d      0x15a O:\fehqt\Proteus/EWL/lib/armv7e-m\librt.a(__arm_eabi_init.o)

.debug_aranges  0x00000000     0x11d0
 .debug_aranges
                0x00000000       0x38 ..\coinramp.o
 .debug_aranges
                0x00000038      0x118 ..\robot.o
 .debug_aranges
                0x00000150      0x118 ..\drivetrain.o
 .debug_aranges
                0x00000268       0x50 ..\hammer.o
 .debug_aranges
                0x000002b8       0x98 ..\main.o
 .debug_aranges
                0x00000350       0x48 Startup\__arm_start.o
 .debug_aranges
                0x00000398       0x20 Startup\__arm_end.o
 .debug_aranges
                0x000003b8       0x30 Startup\kinetis_sysinit.o
 .debug_aranges
                0x000003e8       0x38 Libraries\FEHMotor.o
 .debug_aranges
                0x00000420       0x38 Drivers\i2c.o
 .debug_aranges
                0x00000458       0x58 Drivers\spi.o
 .debug_aranges
                0x000004b0       0x38 Drivers\uart.o
 .debug_aranges
                0x000004e8      0x198 Drivers\ff.o
 .debug_aranges
                0x00000680       0x98 Drivers\SDHC.o
 .debug_aranges
                0x00000718       0x20 Drivers\lptmr.o
 .debug_aranges
                0x00000738       0x28 FEHProteus.o
 .debug_aranges
                0x00000760       0x40 Drivers\FEHPropeller.o
 .debug_aranges
                0x000007a0       0x58 Libraries\FEHUtility.o
 .debug_aranges
                0x000007f8      0x160 Libraries\FEHIO.o
 .debug_aranges
                0x00000958       0x30 Drivers\adc16.o
 .debug_aranges
                0x00000988       0x88 Libraries\FEHBuzzer.o
 .debug_aranges
                0x00000a10       0x60 Libraries\FEHServo.o
 .debug_aranges
                0x00000a70      0x290 Libraries\FEHLCD.o
 .debug_aranges
                0x00000d00       0x48 Libraries\FEHAccel.o
 .debug_aranges
                0x00000d48       0x38 Libraries\FEHBattery.o
 .debug_aranges
                0x00000d80       0x58 Drivers\FEHXBee.o
 .debug_aranges
                0x00000dd8       0xa8 Libraries\FEHRPS.o
 .debug_aranges
                0x00000e80       0x68 Libraries\FEHSD.o
 .debug_aranges
                0x00000ee8       0x20 O:\fehqt\Proteus/EWL/lib/armv7e-m\libc.a(sprintf.o)
 .debug_aranges
                0x00000f08       0x28 O:\fehqt\Proteus/EWL/lib/armv7e-m\libc.a(vsnprintf.o)
 .debug_aranges
                0x00000f30       0x20 O:\fehqt\Proteus/EWL/lib/armv7e-m\libc.a(exit.o)
 .debug_aranges
                0x00000f50       0x20 O:\fehqt\Proteus/EWL/lib/armv7e-m\libc.a(memcpy.o)
 .debug_aranges
                0x00000f70       0x20 O:\fehqt\Proteus/EWL/lib/armv7e-m\libc.a(memset.o)
 .debug_aranges
                0x00000f90       0x20 O:\fehqt\Proteus/EWL/lib/armv7e-m\libc.a(strcpy.o)
 .debug_aranges
                0x00000fb0       0x20 O:\fehqt\Proteus/EWL/lib/armv7e-m\libc.a(strlen.o)
 .debug_aranges
                0x00000fd0       0x28 O:\fehqt\Proteus/EWL/lib/armv7e-m\libc.a(printformat_.o)
 .debug_aranges
                0x00000ff8       0x20 O:\fehqt\Proteus/EWL/lib/armv7e-m\libc.a(scanformat_.o)
 .debug_aranges
                0x00001018       0x88 O:\fehqt\Proteus/EWL/lib/armv7e-m\libc.a(ctype_aeabi.o)
 .debug_aranges
                0x000010a0       0x20 O:\fehqt\Proteus/EWL/lib/armv7e-m\libc.a(__strtoul.o)
 .debug_aranges
                0x000010c0       0x20 O:\fehqt\Proteus/EWL/lib/armv7e-m\libc.a(__filll_mem.o)
 .debug_aranges
                0x000010e0       0x20 O:\fehqt\Proteus/EWL/lib/armv7e-m\libc.a(memchr.o)
 .debug_aranges
                0x00001100       0x20 O:\fehqt\Proteus/EWL/lib/armv7e-m\libc.a(strchr.o)
 .debug_aranges
                0x00001120       0x28 O:\fehqt\Proteus/EWL/lib/armv7e-m\librt.a(gcc_ctor_dtor.o)
 .debug_aranges
                0x00001148       0x30 O:\fehqt\Proteus/EWL/lib/armv7e-m\librt.a(ROMCopy.o)
 .debug_aranges
                0x00001178       0x58 O:\fehqt\Proteus/EWL/lib/armv7e-m\librt.a(__arm_eabi_init.o)

.debug_line     0x00000000     0x96a2
 .debug_line    0x00000000      0x12e ..\coinramp.o
 .debug_line    0x0000012e      0xb22 ..\robot.o
 .debug_line    0x00000c50      0x937 ..\drivetrain.o
 .debug_line    0x00001587      0x170 ..\hammer.o
 .debug_line    0x000016f7      0x6c1 ..\main.o
 .debug_line    0x00001db8      0x3ad Startup\__arm_start.o
 .debug_line    0x00002165      0x21a Startup\__arm_end.o
 .debug_line    0x0000237f      0x291 Startup\kinetis_sysinit.o
 .debug_line    0x00002610      0x237 Libraries\FEHMotor.o
 .debug_line    0x00002847      0x2ad Drivers\i2c.o
 .debug_line    0x00002af4      0x295 Drivers\spi.o
 .debug_line    0x00002d89      0x212 Drivers\uart.o
 .debug_line    0x00002f9b     0x1114 Drivers\ff.o
 .debug_line    0x000040af      0x678 Drivers\SDHC.o
 .debug_line    0x00004727      0x1c0 Drivers\lptmr.o
 .debug_line    0x000048e7      0x1da FEHProteus.o
 .debug_line    0x00004ac1      0x264 Drivers\FEHPropeller.o
 .debug_line    0x00004d25      0x282 Libraries\FEHUtility.o
 .debug_line    0x00004fa7      0x6ee Libraries\FEHIO.o
 .debug_line    0x00005695      0x20f Drivers\adc16.o
 .debug_line    0x000058a4      0x2df Libraries\FEHBuzzer.o
 .debug_line    0x00005b83      0x545 Libraries\FEHServo.o
 .debug_line    0x000060c8     0x1151 Libraries\FEHLCD.o
 .debug_line    0x00007219      0x23f Libraries\FEHAccel.o
 .debug_line    0x00007458      0x218 Libraries\FEHBattery.o
 .debug_line    0x00007670      0x349 Drivers\FEHXBee.o
 .debug_line    0x000079b9      0x746 Libraries\FEHRPS.o
 .debug_line    0x000080ff      0x3fa Libraries\FEHSD.o
 .debug_line    0x000084f9       0x94 O:\fehqt\Proteus/EWL/lib/armv7e-m\libc.a(sprintf.o)
 .debug_line    0x0000858d       0xd2 O:\fehqt\Proteus/EWL/lib/armv7e-m\libc.a(vsnprintf.o)
 .debug_line    0x0000865f       0x94 O:\fehqt\Proteus/EWL/lib/armv7e-m\libc.a(exit.o)
 .debug_line    0x000086f3       0x8d O:\fehqt\Proteus/EWL/lib/armv7e-m\libc.a(memcpy.o)
 .debug_line    0x00008780       0x8f O:\fehqt\Proteus/EWL/lib/armv7e-m\libc.a(memset.o)
 .debug_line    0x0000880f       0x8e O:\fehqt\Proteus/EWL/lib/armv7e-m\libc.a(strcpy.o)
 .debug_line    0x0000889d       0x89 O:\fehqt\Proteus/EWL/lib/armv7e-m\libc.a(strlen.o)
 .debug_line    0x00008926      0x2c6 O:\fehqt\Proteus/EWL/lib/armv7e-m\libc.a(printformat_.o)
 .debug_line    0x00008bec      0x2e3 O:\fehqt\Proteus/EWL/lib/armv7e-m\libc.a(scanformat_.o)
 .debug_line    0x00008ecf      0x1dd O:\fehqt\Proteus/EWL/lib/armv7e-m\libc.a(ctype_aeabi.o)
 .debug_line    0x000090ac      0x141 O:\fehqt\Proteus/EWL/lib/armv7e-m\libc.a(__strtoul.o)
 .debug_line    0x000091ed      0x121 O:\fehqt\Proteus/EWL/lib/armv7e-m\libc.a(__filll_mem.o)
 .debug_line    0x0000930e       0xa3 O:\fehqt\Proteus/EWL/lib/armv7e-m\libc.a(memchr.o)
 .debug_line    0x000093b1       0x84 O:\fehqt\Proteus/EWL/lib/armv7e-m\libc.a(strchr.o)
 .debug_line    0x00009435       0x94 O:\fehqt\Proteus/EWL/lib/armv7e-m\librt.a(gcc_ctor_dtor.o)
 .debug_line    0x000094c9       0xc0 O:\fehqt\Proteus/EWL/lib/armv7e-m\librt.a(ROMCopy.o)
 .debug_line    0x00009589      0x119 O:\fehqt\Proteus/EWL/lib/armv7e-m\librt.a(__arm_eabi_init.o)

.debug_macinfo  0x00000000   0x96ff16
 .debug_macinfo
                0x00000000     0x249f ..\coinramp.o
 .debug_macinfo
                0x0000249f    0x6615e ..\robot.o
 .debug_macinfo
                0x000685fd    0x67d66 ..\drivetrain.o
 .debug_macinfo
                0x000d0363     0x24b1 ..\hammer.o
 .debug_macinfo
                0x000d2814    0x66698 ..\main.o
 .debug_macinfo
                0x00138eac    0x647fb Startup\__arm_start.o
 .debug_macinfo
                0x0019d6a7     0x3464 Startup\__arm_end.o
 .debug_macinfo
                0x001a0b0b    0x64cce Startup\kinetis_sysinit.o
 .debug_macinfo
                0x002057d9    0x6305c Libraries\FEHMotor.o
 .debug_macinfo
                0x00268835    0x6318f Drivers\i2c.o
 .debug_macinfo
                0x002cb9c4    0x62fd6 Drivers\spi.o
 .debug_macinfo
                0x0032e99a    0x62fc7 Drivers\uart.o
 .debug_macinfo
                0x00391961     0x4396 Drivers\ff.o
 .debug_macinfo
                0x00395cf7    0x6452b Drivers\SDHC.o
 .debug_macinfo
                0x003fa222    0x63036 Drivers\lptmr.o
 .debug_macinfo
                0x0045d258    0x62fdc FEHProteus.o
 .debug_macinfo
                0x004c0234    0x63085 Drivers\FEHPropeller.o
 .debug_macinfo
                0x005232b9    0x62ff1 Libraries\FEHUtility.o
 .debug_macinfo
                0x005862aa    0x64348 Libraries\FEHIO.o
 .debug_macinfo
                0x005ea5f2    0x63678 Drivers\adc16.o
 .debug_macinfo
                0x0064dc6a    0x6301e Libraries\FEHBuzzer.o
 .debug_macinfo
                0x006b0c88    0x64476 Libraries\FEHServo.o
 .debug_macinfo
                0x007150fe    0x649ab Libraries\FEHLCD.o
 .debug_macinfo
                0x00779aa9    0x631be Libraries\FEHAccel.o
 .debug_macinfo
                0x007dcc67    0x636a3 Libraries\FEHBattery.o
 .debug_macinfo
                0x0084030a    0x63d5d Drivers\FEHXBee.o
 .debug_macinfo
                0x008a4067    0x66196 Libraries\FEHRPS.o
 .debug_macinfo
                0x0090a1fd    0x65d19 Libraries\FEHSD.o

.debug_str      0x00000000     0x5cd7
 .debug_str     0x00000000      0x2e7 ..\coinramp.o
                                0x304 (size before relaxing)
 .debug_str     0x000002e7     0x2009 ..\robot.o
                               0x241e (size before relaxing)
 .debug_str     0x000022f0       0xbd ..\drivetrain.o
                               0x18f7 (size before relaxing)
 .debug_str     0x000023ad        0xe ..\hammer.o
                                0x365 (size before relaxing)
 .debug_str     0x000023bb      0x305 ..\main.o
                               0x2380 (size before relaxing)
 .debug_str     0x000026c0      0x338 Startup\__arm_start.o
                                0xe68 (size before relaxing)
 .debug_str     0x000029f8       0x23 Startup\__arm_end.o
                                 0xbc (size before relaxing)
 .debug_str     0x00002a1b      0x23a Startup\kinetis_sysinit.o
                                0x3dd (size before relaxing)
 .debug_str     0x00002c55       0x2a Libraries\FEHMotor.o
                                0x2da (size before relaxing)
 .debug_str     0x00002c7f      0x113 Drivers\i2c.o
                                0x203 (size before relaxing)
 .debug_str     0x00002d92      0x18b Drivers\spi.o
                                0x3bc (size before relaxing)
 .debug_str     0x00002f1d      0x188 Drivers\uart.o
                                0x351 (size before relaxing)
 .debug_str     0x000030a5      0x6b0 Drivers\ff.o
                                0x854 (size before relaxing)
 .debug_str     0x00003755      0x546 Drivers\SDHC.o
                                0x82a (size before relaxing)
 .debug_str     0x00003c9b       0x5a Drivers\lptmr.o
                                0x20a (size before relaxing)
 .debug_str     0x00003cf5       0x28 FEHProteus.o
                                0x256 (size before relaxing)
 .debug_str     0x00003d1d       0x1f Drivers\FEHPropeller.o
                                0x397 (size before relaxing)
 .debug_str     0x00003d3c       0xc0 Libraries\FEHUtility.o
                                0x1db (size before relaxing)
 .debug_str     0x00003dfc      0xcf1 Libraries\FEHIO.o
                               0x12ac (size before relaxing)
 .debug_str     0x00004aed       0xd7 Drivers\adc16.o
                                0x29b (size before relaxing)
 .debug_str     0x00004bc4      0x1ba Libraries\FEHBuzzer.o
                                0x3ad (size before relaxing)
 .debug_str     0x00004d7e       0xa7 Libraries\FEHServo.o
                               0x110d (size before relaxing)
 .debug_str     0x00004e25      0x16e Libraries\FEHLCD.o
                               0x110e (size before relaxing)
 .debug_str     0x00004f93       0x68 Libraries\FEHAccel.o
                                0x19f (size before relaxing)
 .debug_str     0x00004ffb       0x30 Libraries\FEHBattery.o
                                0x360 (size before relaxing)
 .debug_str     0x0000502b       0xfd Drivers\FEHXBee.o
                                0x546 (size before relaxing)
 .debug_str     0x00005128      0x1cf Libraries\FEHRPS.o
                               0x1607 (size before relaxing)
 .debug_str     0x000052f7       0x9c Libraries\FEHSD.o
                               0x1167 (size before relaxing)
 .debug_str     0x00005393       0x88 O:\fehqt\Proteus/EWL/lib/armv7e-m\libc.a(sprintf.o)
                                0x15a (size before relaxing)
 .debug_str     0x0000541b       0x83 O:\fehqt\Proteus/EWL/lib/armv7e-m\libc.a(vsnprintf.o)
                                0x1c3 (size before relaxing)
 .debug_str     0x0000549e       0x2e O:\fehqt\Proteus/EWL/lib/armv7e-m\libc.a(exit.o)
                                0x14e (size before relaxing)
 .debug_str     0x000054cc       0x1c O:\fehqt\Proteus/EWL/lib/armv7e-m\libc.a(memcpy.o)
                                0x138 (size before relaxing)
 .debug_str     0x000054e8       0x1c O:\fehqt\Proteus/EWL/lib/armv7e-m\libc.a(memset.o)
                                0x140 (size before relaxing)
 .debug_str     0x00005504       0x24 O:\fehqt\Proteus/EWL/lib/armv7e-m\libc.a(strcpy.o)
                                0x139 (size before relaxing)
 .debug_str     0x00005528       0x1c O:\fehqt\Proteus/EWL/lib/armv7e-m\libc.a(strlen.o)
                                0x140 (size before relaxing)
 .debug_str     0x00005544      0x21a O:\fehqt\Proteus/EWL/lib/armv7e-m\libc.a(printformat_.o)
                                0x3aa (size before relaxing)
 .debug_str     0x0000575e      0x17b O:\fehqt\Proteus/EWL/lib/armv7e-m\libc.a(scanformat_.o)
                                0x3f0 (size before relaxing)
 .debug_str     0x000058d9       0x9d O:\fehqt\Proteus/EWL/lib/armv7e-m\libc.a(ctype_aeabi.o)
                                0x1b3 (size before relaxing)
 .debug_str     0x00005976       0x55 O:\fehqt\Proteus/EWL/lib/armv7e-m\libc.a(__strtoul.o)
                                0x1f2 (size before relaxing)
 .debug_str     0x000059cb       0x25 O:\fehqt\Proteus/EWL/lib/armv7e-m\libc.a(__filll_mem.o)
                                0x152 (size before relaxing)
 .debug_str     0x000059f0       0x1c O:\fehqt\Proteus/EWL/lib/armv7e-m\libc.a(memchr.o)
                                0x148 (size before relaxing)
 .debug_str     0x00005a0c       0x1c O:\fehqt\Proteus/EWL/lib/armv7e-m\libc.a(strchr.o)
                                0x137 (size before relaxing)
 .debug_str     0x00005a28      0x126 O:\fehqt\Proteus/EWL/lib/armv7e-m\librt.a(gcc_ctor_dtor.o)
                                0x185 (size before relaxing)
 .debug_str     0x00005b4e       0x96 O:\fehqt\Proteus/EWL/lib/armv7e-m\librt.a(ROMCopy.o)
                                0x140 (size before relaxing)
 .debug_str     0x00005be4       0xf3 O:\fehqt\Proteus/EWL/lib/armv7e-m\librt.a(__arm_eabi_init.o)
                                0x1ac (size before relaxing)

.comment        0x00000000       0x79
 .comment       0x00000000       0x79 ..\coinramp.o
                                 0x7a (size before relaxing)
 .comment       0x00000000       0x7a ..\robot.o
 .comment       0x00000000       0x7a ..\drivetrain.o
 .comment       0x00000000       0x7a ..\hammer.o
 .comment       0x00000000       0x7a ..\main.o
 .comment       0x00000000       0x7a Startup\__arm_start.o
 .comment       0x00000000       0x7a Startup\__arm_end.o
 .comment       0x00000000       0x7a Startup\kinetis_sysinit.o
 .comment       0x00000000       0x7a Libraries\FEHMotor.o
 .comment       0x00000000       0x7a Drivers\i2c.o
 .comment       0x00000000       0x7a Drivers\spi.o
 .comment       0x00000000       0x7a Drivers\uart.o
 .comment       0x00000000       0x7a Drivers\ff.o
 .comment       0x00000000       0x7a Drivers\SDHC.o
 .comment       0x00000000       0x7a Drivers\lptmr.o
 .comment       0x00000000       0x7a FEHProteus.o
 .comment       0x00000000       0x7a Drivers\FEHPropeller.o
 .comment       0x00000000       0x7a Libraries\FEHUtility.o
 .comment       0x00000000       0x7a Libraries\FEHIO.o
 .comment       0x00000000       0x7a Drivers\adc16.o
 .comment       0x00000000       0x7a Libraries\FEHBuzzer.o
 .comment       0x00000000       0x7a Libraries\FEHServo.o
 .comment       0x00000000       0x7a Libraries\FEHLCD.o
 .comment       0x00000000       0x7a Libraries\FEHAccel.o
 .comment       0x00000000       0x7a Libraries\FEHBattery.o
 .comment       0x00000000       0x7a Drivers\FEHXBee.o
 .comment       0x00000000       0x7a Libraries\FEHRPS.o
 .comment       0x00000000       0x7a Libraries\FEHSD.o
 .comment       0x00000000       0x7a O:\fehqt\Proteus/EWL/lib/armv7e-m\libc.a(sprintf.o)
 .comment       0x00000000       0x7a O:\fehqt\Proteus/EWL/lib/armv7e-m\libc.a(vsnprintf.o)
 .comment       0x00000000       0x7a O:\fehqt\Proteus/EWL/lib/armv7e-m\libc.a(exit.o)
 .comment       0x00000000       0x7a O:\fehqt\Proteus/EWL/lib/armv7e-m\libc.a(memcpy.o)
 .comment       0x00000000       0x7a O:\fehqt\Proteus/EWL/lib/armv7e-m\libc.a(memset.o)
 .comment       0x00000000       0x7a O:\fehqt\Proteus/EWL/lib/armv7e-m\libc.a(strcpy.o)
 .comment       0x00000000       0x7a O:\fehqt\Proteus/EWL/lib/armv7e-m\libc.a(strlen.o)
 .comment       0x00000000       0x7a O:\fehqt\Proteus/EWL/lib/armv7e-m\libc.a(printformat_.o)
 .comment       0x00000000       0x7a O:\fehqt\Proteus/EWL/lib/armv7e-m\libc.a(scanformat_.o)
 .comment       0x00000000       0x7a O:\fehqt\Proteus/EWL/lib/armv7e-m\libc.a(ctype_aeabi.o)
 .comment       0x00000000       0x7a O:\fehqt\Proteus/EWL/lib/armv7e-m\libc.a(__strtoul.o)
 .comment       0x00000000       0x7a O:\fehqt\Proteus/EWL/lib/armv7e-m\libc.a(__filll_mem.o)
 .comment       0x00000000       0x7a O:\fehqt\Proteus/EWL/lib/armv7e-m\libc.a(memchr.o)
 .comment       0x00000000       0x7a O:\fehqt\Proteus/EWL/lib/armv7e-m\libc.a(strchr.o)
 .comment       0x00000000       0x7a O:\fehqt\Proteus/EWL/lib/armv7e-m\librt.a(gcc_ctor_dtor.o)
 .comment       0x00000000       0x7a O:\fehqt\Proteus/EWL/lib/armv7e-m\librt.a(ROMCopy.o)
 .comment       0x00000000       0x7a O:\fehqt\Proteus/EWL/lib/armv7e-m\librt.a(__arm_eabi_init.o)

.debug_frame    0x00000000     0x363c
 .debug_frame   0x00000000       0x90 ..\coinramp.o
 .debug_frame   0x00000090      0x420 ..\robot.o
 .debug_frame   0x000004b0      0x43c ..\drivetrain.o
 .debug_frame   0x000008ec       0xf0 ..\hammer.o
 .debug_frame   0x000009dc      0x20c ..\main.o
 .debug_frame   0x00000be8       0x98 Startup\__arm_start.o
 .debug_frame   0x00000c80       0x2c Startup\__arm_end.o
 .debug_frame   0x00000cac       0x5c Startup\kinetis_sysinit.o
 .debug_frame   0x00000d08       0x94 Libraries\FEHMotor.o
 .debug_frame   0x00000d9c       0x88 Drivers\i2c.o
 .debug_frame   0x00000e24       0xf8 Drivers\spi.o
 .debug_frame   0x00000f1c       0x84 Drivers\uart.o
 .debug_frame   0x00000fa0      0x5e8 Drivers\ff.o